08-16 13:54:09.007  1333  1333 D StatusBar.NetworkController: refreshViews connected={ wifi } level=3 combinedSignalIconId=0x7f020648/com.android.systemui:drawable/stat_sys_wifi_signal_4 mobileLabel=Telstra wifiLabel="20SwannRd" emergencyOnly=false combinedLabel="20SwannRd" mAirplaneMode=false mDataActivity=2 mPhoneSignalIconId=0x7f02059c/com.android.systemui:drawable/stat_sys_signal_3_auto_rotate mQSPhoneSignalIconId=0x7f02015c/com.android.systemui:drawable/ic_qs_signal_3 mDataDirectionIconId=0x0/(null) mDataSignalIconId=0x7f02059c/com.android.systemui:drawable/stat_sys_signal_3_auto_rotate mDataTypeIconId=0x7f0203f9/com.android.systemui:drawable/stat_sys_data_connected_4g mQSDataTypeIconId=0x7f02015f/com.android.systemui:drawable/ic_qs_signal_4g mNoSimIconId=0x0/(null) mWifiIconId=0x7f020648/com.android.systemui:drawable/stat_sys_wifi_signal_4 mQSWifiIconId=0x7f02032a/com.android.systemui:drawable/qs_tile_wifi_signal_4 mWifiActivityIconId=0x7f0205f9/com.android.systemui:drawable/stat_sys_signal_in mBluetoothTetherIconId=0x7f020624/com.android.systemui:drawable/stat_sys_tether_bluetooth
08-16 13:54:09.007  1333  1333 D StatusBar.NetworkController: refreshNwBoosterIndicator - setNWBoosterIndicators(false)
08-16 13:54:09.007  1415  1415 D Recents : onTaskStackChanged
08-16 13:54:09.017  1333  1333 D StatusBar.NetworkController: refreshNwBoosterIndicator - setNWBoosterIndicators(false)
08-16 13:54:09.017  1333  1333 D StatusBar.NetworkController: refreshNwBoosterIndicator - setNWBoosterIndicators(false)
08-16 13:54:09.017  1333  1333 D StatusBar.NetworkController: refreshNwBoosterIndicator - setNWBoosterIndicators(false)
08-16 13:54:09.317   819  1077 W System.err: remove failed: ENOENT (No such file or directory) : /data/app/vmdl1385019375.tmp/lib
08-16 13:54:09.347   819  1077 E NativeLibraryHelper: Failed to load assets verifier: 0
08-16 13:54:09.347   819  1077 W System.err: remove failed: ENOENT (No such file or directory) : /data/app/vmdl1385019375.tmp/lib/arm
08-16 13:54:09.387   819  1077 D NativeLibraryHelper: Successfully fsync /data/app/vmdl1385019375.tmp/lib/arm/libmono-profiler-log.so
08-16 13:54:09.557   819  1077 D NativeLibraryHelper: Successfully fsync /data/app/vmdl1385019375.tmp/lib/arm/libmonosgen-2.0.so
08-16 13:54:09.607   819  1077 D NativeLibraryHelper: Successfully fsync /data/app/vmdl1385019375.tmp/lib/arm/libmono-btls-shared.so
08-16 13:54:09.617   819  1077 D NativeLibraryHelper: Successfully fsync /data/app/vmdl1385019375.tmp/lib/arm/libmonodroid.so
08-16 13:54:09.617   819  1077 D PackageManager: remove MCS_UNBIND and Posting MCS_UNBIND
08-16 13:54:09.617   819  1077 D PackageManager: [MSG] PROCESS_PENDING_INSTALL: observer{78585530}
08-16 13:54:09.617   819  1077 D PackageManager: currentStatus{1}
08-16 13:54:09.617   819  1077 D PackageManager: installPackageLI: path
08-16 13:54:10.007  1333  1333 D StatusBar.NetworkController: refreshViews connected={ wifi } level=3 combinedSignalIconId=0x7f020648/com.android.systemui:drawable/stat_sys_wifi_signal_4 mobileLabel=Telstra wifiLabel="20SwannRd" emergencyOnly=false combinedLabel="20SwannRd" mAirplaneMode=false mDataActivity=2 mPhoneSignalIconId=0x7f02059c/com.android.systemui:drawable/stat_sys_signal_3_auto_rotate mQSPhoneSignalIconId=0x7f02015c/com.android.systemui:drawable/ic_qs_signal_3 mDataDirectionIconId=0x0/(null) mDataSignalIconId=0x7f02059c/com.android.systemui:drawable/stat_sys_signal_3_auto_rotate mDataTypeIconId=0x7f0203f9/com.android.systemui:drawable/stat_sys_data_connected_4g mQSDataTypeIconId=0x7f02015f/com.android.systemui:drawable/ic_qs_signal_4g mNoSimIconId=0x0/(null) mWifiIconId=0x7f020648/com.android.systemui:drawable/stat_sys_wifi_signal_4 mQSWifiIconId=0x7f02032a/com.android.systemui:drawable/qs_tile_wifi_signal_4 mWifiActivityIconId=0x7f0205fe/com.android.systemui:drawable/stat_sys_signal_no_inout mBluetoothTetherIconId=0x7f020624/com.android.systemui:drawable/stat_sys_tether_bluetooth
08-16 13:54:10.007  1333  1333 D StatusBar.NetworkController: refreshNwBoosterIndicator - setNWBoosterIndicators(false)
08-16 13:54:10.007  1333  1333 D StatusBar.NetworkController: refreshNwBoosterIndicator - setNWBoosterIndicators(false)
08-16 13:54:10.017  1333  1333 D StatusBar.NetworkController: refreshNwBoosterIndicator - setNWBoosterIndicators(false)
08-16 13:54:10.017  1333  1333 D StatusBar.NetworkController: refreshNwBoosterIndicator - setNWBoosterIndicators(false)
08-16 13:54:10.167   819  1268 D NetworkPolicy: isUidForegroundLocked: 10026, mScreenOn: true, uidstate: 3, mProxSensorScreenOff: false
08-16 13:54:10.167   819  1268 D NetworkPolicy: isUidForegroundLocked: 10026, mScreenOn: true, uidstate: 3, mProxSensorScreenOff: false
08-16 13:54:10.207   819  1567 D BatteryService: !@BatteryListener : batteryPropertiesChanged!
08-16 13:54:10.207   819  1567 D BatteryService: level:90, scale:100, status:2, health:2, present:true, voltage: 4203, temperature: 289, technology: Li-ion, AC powered:false, USB powered:true, POGO powered:false, Wireless powered:false, icon:17303564, invalid charger:0, maxChargingCurrent:0
08-16 13:54:10.207   819  1567 D BatteryService: online:4, current avg:450, charge type:1, power sharing:false, high voltage charger:false, capacity:280000, batterySWSelfDischarging:false, current_now:450
08-16 13:54:10.207   819   819 D BatteryService: Sending ACTION_BATTERY_CHANGED.
08-16 13:54:10.207   819   819 I MotionRecognitionService: Plugged
08-16 13:54:10.207   819   819 D MotionRecognitionService:   cableConnection= 1
08-16 13:54:10.207   819   819 D MotionRecognitionService: setPowerConnected | current backoffstate  = 1024 , state =1024
08-16 13:54:10.207   819   819 D MotionRecognitionService: skip setTransmitPower. 
08-16 13:54:10.217  1333  1333 D KeyguardUpdateMonitor: received broadcast android.intent.action.BATTERY_CHANGED
08-16 13:54:10.217  1333  1333 I PERF    : received broadcast android.intent.action.BATTERY_CHANGED
08-16 13:54:10.217  1333  1333 D KeyguardUpdateMonitor: handleBatteryUpdate
08-16 13:54:10.227  1333  1333 D BatteryMeterView: ACTION_BATTERY_CHANGED : level:90 status:2 health:2
08-16 13:54:10.237  1333  1333 D BatteryMeterView: ACTION_BATTERY_CHANGED : level:90 status:2 health:2
08-16 13:54:10.237  1333  1333 D BatteryMeterView: ACTION_BATTERY_CHANGED : level:90 status:2 health:2
08-16 13:54:10.417  1333  1333 D StatusBar.NetworkController: onSignalStrengthsChanged signalStrength=SignalStrength: 99 99 -120 -160 -120 -1 -1 29 -90 -12 42 -1 2147483647 0x3000 gsm|lte level=3
08-16 13:54:10.417  1333  1333 D StatusBar.NetworkController: updateTelephonySignalStrength: hasService=true ss=SignalStrength: 99 99 -120 -160 -120 -1 -1 29 -90 -12 42 -1 2147483647 0x3000 gsm|lte
08-16 13:54:10.417  1333  1333 D StatusBar.NetworkController: updateTelephonySignalStrength: iconLevel=3
08-16 13:54:10.417  1333  1333 D StatusBar.NetworkController: updateTelephonySignalStrength, No signal level. mPhoneSignalIconId = com.android.systemui:drawable/stat_sys_signal_3_auto_rotate mDataSignalIconId = com.android.systemui:drawable/stat_sys_signal_3_auto_rotate mQSPhoneSignalIconId = com.android.systemui:drawable/ic_qs_signal_3 mContentDescriptionPhoneSignal = Phone three bars.
08-16 13:54:10.517  1333  1333 D StatusBar.NetworkController: refreshViews connected={ wifi } level=3 combinedSignalIconId=0x7f020648/com.android.systemui:drawable/stat_sys_wifi_signal_4 mobileLabel=Telstra wifiLabel="20SwannRd" emergencyOnly=false combinedLabel="20SwannRd" mAirplaneMode=false mDataActivity=2 mPhoneSignalIconId=0x7f02059c/com.android.systemui:drawable/stat_sys_signal_3_auto_rotate mQSPhoneSignalIconId=0x7f02015c/com.android.systemui:drawable/ic_qs_signal_3 mDataDirectionIconId=0x0/(null) mDataSignalIconId=0x7f02059c/com.android.systemui:drawable/stat_sys_signal_3_auto_rotate mDataTypeIconId=0x7f0203f9/com.android.systemui:drawable/stat_sys_data_connected_4g mQSDataTypeIconId=0x7f02015f/com.android.systemui:drawable/ic_qs_signal_4g mNoSimIconId=0x0/(null) mWifiIconId=0x7f020648/com.android.systemui:drawable/stat_sys_wifi_signal_4 mQSWifiIconId=0x7f02032a/com.android.systemui:drawable/qs_tile_wifi_signal_4 mWifiActivityIconId=0x7f0205fe/com.android.systemui:drawable/stat_sys_signal_no_inout mBluetoothTetherIconId=0x7f020624/com.android.systemui:drawable/stat_sys_tether_bluetooth
08-16 13:54:10.517  1333  1333 D StatusBar.NetworkController: refreshNwBoosterIndicator - setNWBoosterIndicators(false)
08-16 13:54:10.517  1333  1333 D StatusBar.NetworkController: refreshNwBoosterIndicator - setNWBoosterIndicators(false)
08-16 13:54:10.517  1333  1333 D StatusBar.NetworkController: refreshNwBoosterIndicator - setNWBoosterIndicators(false)
08-16 13:54:10.517  1333  1333 D StatusBar.NetworkController: refreshNwBoosterIndicator - setNWBoosterIndicators(false)
08-16 13:54:11.127 19047 19047 E Zygote  : v2
08-16 13:54:11.127 19047 19047 W SELinux : Function: selinux_compare_spd_ram, index[1], priority [2], priority version is VE=SEPF_SECMOBILE_6.0.1_0030
08-16 13:54:11.127 19047 19047 E Zygote  : accessInfo : 0
08-16 13:54:11.127 19047 19047 W SELinux : SELinux: seapp_context_lookup: seinfo=platform, level=s0:c512,c768, pkgname=com.samsung.android.sconnect 
08-16 13:54:11.127 19047 19047 I libpersona: KNOX_SDCARD checking this for 10176
08-16 13:54:11.127 19047 19047 I libpersona: KNOX_SDCARD not a persona
08-16 13:54:11.127   819   915 I ActivityManager: Start proc 19047:com.samsung.android.sconnect/u0a176 for service com.samsung.android.sconnect/.periph.PeriphService
08-16 13:54:11.137   819  1268 D NetworkPolicy: isUidForegroundLocked: 10176, mScreenOn: true, uidstate: -1, mProxSensorScreenOff: false
08-16 13:54:11.157 19047 19047 D TimaKeyStoreProvider: TimaSignature is unavailable
08-16 13:54:11.157 19047 19047 D ActivityThread: Added TimaKeyStore provider
08-16 13:54:11.167   819  1268 D NetworkPolicy: isUidForegroundLocked: 10176, mScreenOn: true, uidstate: 10, mProxSensorScreenOff: false
08-16 13:54:11.177 19047 19047 W ResourcesManager: getTopLevelResources: /system/app/QuickConnect_30/QuickConnect_30.apk / 1.0 running in com.samsung.android.sconnect rsrc of package null
08-16 13:54:11.217 19047 19047 W System  : ClassLoader referenced unknown path: /system/app/QuickConnect_30/lib/arm
08-16 13:54:11.227 19047 19047 I QuickConnect: PeriphService.onCreate - [START]
08-16 13:54:11.227 19047 19047 I QuickConnect: PeriphService.onCreate - [START] USER_OWNER
08-16 13:54:11.237 19047 19047 I QuickConnect: PeriphService.setState - 0 >> 1
08-16 13:54:11.237 19047 19047 V QuickConnect: PeriphService.runService - 
08-16 13:54:11.237 19047 19047 I QuickConnect[3.0.6914363][40] : SconnectManager.SconnectManager - initiate from com.samsung.android.sconnect.periph.PeriphService@d0f38b5
08-16 13:54:11.237 19047 19047 I QuickConnect[3.0.6914363][40] : SconnectManager.SconnectManager - set getApplicationContext android.app.Application@3c07b4a
08-16 13:54:11.237 19047 19047 D QuickConnect[3.0.6914363][40] : SconnectManager.registerBroadcast - --
08-16 13:54:11.247 19047 19047 D QuickConnect[3.0.6914363][40] : ScanThread.ScanThread - created!
08-16 13:54:11.257 19047 19047 V QuickConnect[3.0.6914363][40] : BleHelper.BleHelper - Constructor
08-16 13:54:11.257 19047 19047 E QuickConnect[3.0.6914363][40] : PermissionUtil.hasPermission - android.permission.ACCESS_FINE_LOCATION
08-16 13:54:11.267 19047 19047 I QuickConnect[3.0.6914363][40] : BleHelper.shouldScanBleBg - KEY_ALLOW_TO_CONNECT == true
08-16 13:54:11.267 19047 19047 D QuickConnect[3.0.6914363][40] : BleHelper.startScan - [shouldScanBleBg]true || [shouldScanBleFg]false
08-16 13:54:11.267 19047 19047 W QuickConnect[3.0.6914363][40] : BleHelper.startScan - LE is not ON state. try [mLeRadioState]10 >> LE_RADIO_STATE_TURNING_ON calling setStandAloneBleMode()
08-16 13:54:11.267 19047 19047 I QuickConnect[3.0.6914363][40] : BleHelper.turnOnBle - not LE_RADIO_STATE_ON state
08-16 13:54:11.277 19047 19047 D BluetoothAdapter: STATE_BLE_ON
08-16 13:54:11.277 19047 19047 I QuickConnect[3.0.6914363][40] : BleHelper.turnOnBle - already LE enabled! [mLeRadioState]LE_RADIO_STATE_TURNING_ON >> LE_RADIO_STATE_ON
08-16 13:54:11.277 19047 19047 D BluetoothAdapter: StandAloneBleMode=true
08-16 13:54:11.287 19047 19047 D BluetoothAdapter:  setting StandAloneBleMode=true
08-16 13:54:11.287 19047 19047 D BluetoothAdapter: STATE_BLE_ON
08-16 13:54:11.287 19047 19047 D BluetoothAdapter: enableRadio(): BT is already enabled..!
08-16 13:54:11.287   819  1265 D BluetoothManagerService: updateBleAppCount #UP | mBleAppCount: 2, mSappCount2, Using SS: true
08-16 13:54:11.287 19047 19047 I QuickConnect[3.0.6914363][40] : BleHelper.setStandAloneBleMode - execute setStandAloneBleMode(true)
08-16 13:54:11.287 19047 19047 V QuickConnect[3.0.6914363][40] : BleHelper.mCentralRunning - set to false
08-16 13:54:11.297 19047 19047 V QuickConnect[3.0.6914363][40] : P2pHelper.P2pHelper - EXEC
08-16 13:54:11.307 19047 19047 D QuickConnect[3.0.6914363][40] : NetUtil.getP2pMacFromWifiMac - ($)
08-16 13:54:11.317 19047 19047 V QuickConnect[3.0.6914363][40] : PreDiscoveryHelper.PreDiscoveryHelper - ()
08-16 13:54:11.367 19047 19047 I QuickConnect[3.0.6914363][40] : InsyncHelper.getProp - getProp(insync_tx) from exec is 
08-16 13:54:11.387   819  1077 W PackageManager: verifying app can be installed or not
08-16 13:54:11.387   819  1077 D ApplicationPolicy: isApplicationInstallationEnabled
08-16 13:54:11.387   819  1077 D ApplicationPolicy: isApplicationInstallationEnabled :  Checking PKG WL - false
08-16 13:54:11.387   819  1077 D ApplicationPolicy: isApplicationInstallationEnabled :  Checking PKG BL - true
08-16 13:54:11.387   819  1077 D ApplicationPolicy: isApplicationInstallationEnabled :  Checking PERM BL - true
08-16 13:54:11.387   819  1077 D ApplicationPolicy: isApplicationInstallationEnabled :  Checking SIG BL - true
08-16 13:54:11.387   819  1077 D ApplicationPolicy: isApplicationInstallationEnabled :  enabled true
08-16 13:54:11.397 19047 19047 I QuickConnect[3.0.6914363][40] : InsyncHelper.getProp - getProp(insync_rx) from exec is 
08-16 13:54:11.397 19047 19047 I QuickConnect[3.0.6914363][40] : InsyncHelper.InsyncHelper - default Tx Threshold : 0
08-16 13:54:11.397 19047 19047 I QuickConnect[3.0.6914363][40] : InsyncHelper.InsyncHelper - default Tx Threshold : 0
08-16 13:54:11.397   819  1077 I AASAInstall: ship device
08-16 13:54:11.397 19047 19047 D QuickConnect[3.0.6914363][40] : NetUtil.getP2pMacFromWifiMac - ($)
08-16 13:54:11.397 19047 19047 D QuickConnect[3.0.6914363][40] : PreDiscoveryPacket.initializeAdvData - 
08-16 13:54:11.397 19047 19047 V QuickConnect[3.0.6914363][40] : PreDiscoveryPacket.updateContactInfo - 
08-16 13:54:11.397 19047 19047 V QuickConnect[3.0.6914363][40] : CONTACT_Info.getMyMobileNumber - 
08-16 13:54:11.397   819  1077 I MSTG    : com.companyname.Phoneword is installing..
08-16 13:54:11.427 19047 19047 E QuickConnect[3.0.6914363][40] : PermissionUtil.hasPermission - android.permission.READ_CONTACTS
08-16 13:54:11.467 19047 19047 I QuickConnect[3.0.6914363][40] : CONTACT_Info.getMyMobileNumber - get getOwnerContactNumber
08-16 13:54:11.467 19047 19047 D QuickConnect[3.0.6914363][40] : PreDiscoveryPacket.updateContactInfo Hash *** - ($)
08-16 13:54:11.477 19047 19047 W QuickConnect[3.0.6914363][40] : NetUtil.getBleMacAddress - No Method. means mac is same.
08-16 13:54:11.477 19047 19047 V QuickConnect[3.0.6914363][40] : PreDiscoveryPacket.updateDeviceName - mDeviceName: Galaxy S5
08-16 13:54:11.477 19047 19047 D QuickConnect[3.0.6914363][40] : PreDiscoveryHelper.setVisibilityFromSystemDb - --
08-16 13:54:11.477 19047 19047 D QuickConnect[3.0.6914363][40] : PreDiscoveryHelper.setVisibilityFromSystemDb - isAllowToConnect : true, isContactOnly : true, visibilitySetting : CONTACT
08-16 13:54:11.477 19047 19047 D QuickConnect[3.0.6914363][40] : PreDiscoveryHelper.changeResponseSetting - changed: CONTACT
08-16 13:54:11.477 19047 19047 V QuickConnect[3.0.6914363][40] : PreDiscoveryPacket.updateAdvData - 
08-16 13:54:11.477 19047 19047 V QuickConnect[3.0.6914363][40] : PreDiscoveryPacket.setRespTarget - 
08-16 13:54:11.477 19047 19047 V QuickConnect[3.0.6914363][40] : PreDiscoveryPacket.setRespTarget - 
08-16 13:54:11.477 19047 19047 V QuickConnect[3.0.6914363][40] : PreDiscoveryPacket.setDiscoveredDevices - 
08-16 13:54:11.477 19047 19047 D QuickConnect[3.0.6914363][40] : NetUtil.getP2pMacFromWifiMac - ($)
08-16 13:54:11.497 19047 19047 I QuickConnect[3.0.6914363][40] : BluetoothHelper.BluetoothHelper - 
08-16 13:54:11.497 19047 19047 I QuickConnect[3.0.6914363][40] : WifiHelper.WifiHelper - 
08-16 13:54:11.507   819  1077 W PackageManager: Package com.companyname.Phoneword signatures do not match the previously installed version; ignoring!
08-16 13:54:11.507   819  1077 D PackageManager: doPostInstall for uid{-1}
08-16 13:54:11.507 19047 19047 V QuickConnect[3.0.6914363][40] : UpnpHelper.UpnpHelper - 
08-16 13:54:11.507 19047 19047 V QuickConnect[3.0.6914363][40] : PrintPluginHelper.PrintPluginHelper - Constructor
08-16 13:54:11.517 19047 19047 V QuickConnect[3.0.6914363][40] : ActionManager.ActionManager - ()
08-16 13:54:11.517 19047 19047 V QuickConnect[3.0.6914363][40] : ScreenMirrorActionHelper.ScreenMirrorActionHelper - 
08-16 13:54:11.517 19047 19047 V QuickConnect[3.0.6914363][40] : BluetoothActionHelper.BluetoothActionHelper - 
08-16 13:54:11.527 19047 19047 D BluetoothA2dp: doBind(): CallingUid(myUserHandle) = 0
08-16 13:54:11.527 19047 19047 E BluetoothHeadset: BTStateChangeCB is registed
08-16 13:54:11.537 19047 19047 D QuickConnect[3.0.6914363][40] : FeatureUtil.isAoBleSupported - [isAoBleSupported]0
08-16 13:54:11.537 19047 19047 V QuickConnect[3.0.6914363][40] : ProfileShareActionHelper.ProfileShareActionHelper - 
08-16 13:54:11.537 19047 19047 V QuickConnect[3.0.6914363][40] : TvActionHelper.TvActionHelper - 
08-16 13:54:11.537 19047 19047 V QuickConnect[3.0.6914363][40] : SideSyncActionHelper.SideSyncActionHelper - 
08-16 13:54:11.537 19047 19047 V QuickConnect[3.0.6914363][40] : PhoneCameraHelper.PhoneCameraHelper - 
08-16 13:54:11.547 19047 19047 D QuickConnect[3.0.6914363][40] : ActionManager.ActionManager - mRequestId initialized to 72
08-16 13:54:11.547 19047 19047 I QuickConnect[3.0.6914363][40] : SconnectManager.getInstance - make new instance com.samsung.android.sconnect.SconnectManager@2399df0
08-16 13:54:11.547 19047 19047 V QuickConnect[3.0.6914363][40] : SconnectManager.getInstance - return existing instance com.samsung.android.sconnect.SconnectManager@2399df0
08-16 13:54:11.547 19047 19047 V QuickConnect[3.0.6914363][40] : PreDiscoveryPacket.setServiceType - 
08-16 13:54:11.547 19047 19047 D QuickConnect[3.0.6914363][40] : SconnectManager.setServiceCapability - Support Wifi Profile Share
08-16 13:54:11.547 19047 19047 V QuickConnect[3.0.6914363][40] : PreDiscoveryPacket.setServiceType - 
08-16 13:54:11.557 19047 19047 I QuickConnect[3.0.6914363][40] : FeatureUtil.isFileShare2Supported - TRUE (versionCode: 19)
08-16 13:54:11.557 19047 19047 D QuickConnect[3.0.6914363][40] : SconnectManager.setServiceCapability - Support File share 2
08-16 13:54:11.557 19047 19047 V QuickConnect[3.0.6914363][40] : PreDiscoveryPacket.setServiceType - 
08-16 13:54:11.557 19047 19047 W QuickConnect[3.0.6914363][40] : AppPackageUtil.isAppInstalled - NOT Installed - com.samsung.wificamera
08-16 13:54:11.557 19047 19047 W QuickConnect[3.0.6914363][40] : AppPackageUtil.isAppInstalled - NOT Installed - com.sec.android.sidesync30
08-16 13:54:11.557 19047 19047 V QuickConnect[3.0.6914363][40] : SconnectManager.getInstance - return existing instance com.samsung.android.sconnect.SconnectManager@2399df0
08-16 13:54:11.557 19047 19047 D QuickConnect[3.0.6914363][40] : PeriphService.registerUserReceiver - mIsUserReceiver == false
08-16 13:54:11.557 19047 19047 I QuickConnect[3.0.6914363][40] : PeriphService.onStartCommand - USER_OWNER
08-16 13:54:11.557 19047 19047 I QuickConnect[3.0.6914363][40] : PeriphService.onStartCommand - null [flags]0 [startId]1674
08-16 13:54:11.557 19047 19047 D QuickConnect[3.0.6914363][40] : SconnectManager.INetworkStateListener, onEnabled - mNetworkState : 4
08-16 13:54:11.567 19047 19047 D QuickConnect[3.0.6914363][40] : P2pHelper.onReceive - WIFI_P2P_CONNECTION_CHANGED_ACTION : null
08-16 13:54:11.567 19047 19047 D QuickConnect[3.0.6914363][40] : P2pHelper.onReceive - WIFI_P2P_CONNECTION_CHANGED_ACTION :false
08-16 13:54:11.567 19047 19047 D QuickConnect[3.0.6914363][40] : SconnectManager.INetworkStateListener, onDisconnected - networkType : 4
08-16 13:54:11.567   819  1269 D WifiP2pService: InactiveState{ what=139287 }
08-16 13:54:11.567   819  1269 D WifiP2pService: P2pEnabledState{ what=139287 }
08-16 13:54:11.567   819  1269 D WifiP2pService: DefaultState{ what=139287 }
08-16 13:54:11.567   819  1077 W ResourcesManager: getTopLevelResources: /system/priv-app/SecMms_Candy_M/SecMms_Candy_M.apk / 1.0 running in null rsrc of package null
08-16 13:54:11.577 19047 19047 I QuickConnect[3.0.6914363][40] : PrintPluginHelper.mPluginBroadcastReceiver - android.net.wifi.p2p.CONNECTION_STATE_CHANGE
08-16 13:54:11.577 19047 19047 D QuickConnect[3.0.6914363][40] : P2pHelper.requestGroupInfo  - onGroupInfoAvailable- null
08-16 13:54:11.607   819   829 I art     : Background sticky concurrent mark sweep GC freed 191493(11MB) AllocSpace objects, 84(3MB) LOS objects, 18% free, 65MB/80MB, paused 2.038ms total 122.573ms
08-16 13:54:11.617 19047 19047 D BluetoothAdapter: STATE_BLE_ON
08-16 13:54:11.617 19047 19047 D BluetoothAdapter: STATE_BLE_ON
08-16 13:54:11.617 19047 19047 D BluetoothAdapter: appoCount is = 0
08-16 13:54:11.617 19047 19047 I QuickConnect[3.0.6914363][40] : FeatureUtil.isBleScanFilterSupported - isOffloadedFilteringSupported() : enabled
08-16 13:54:11.617 19047 19047 I QuickConnect[3.0.6914363][40] : FeatureUtil.isSupportWFD - support WFD
08-16 13:54:11.617 19047 19047 D BluetoothAdapter: STATE_BLE_ON
08-16 13:54:11.617 19047 19047 D BluetoothAdapter: STATE_BLE_ON
08-16 13:54:11.617 19047 19047 D BluetoothAdapter: appoCount is = 0
08-16 13:54:11.617   819  1077 W ResourcesManager: getTopLevelResources: /data/app/com.google.android.talk-2/base.apk / 1.0 running in null rsrc of package null
08-16 13:54:11.627 19047 19047 I QuickConnect[3.0.6914363][40] : BleAdvertiser.BleAdvertiser - Constructor
08-16 13:54:11.627 19047 19047 D BluetoothAdapter: STATE_BLE_ON
08-16 13:54:11.627 19047 19047 I QuickConnect[3.0.6914363][40] : BleAdvertiser.isSupportMultiAdv - isMultipleAdvertisementSupported : enabled
08-16 13:54:11.627 19047 19047 D BluetoothAdapter: STATE_BLE_ON
08-16 13:54:11.627 19047 19047 D BluetoothAdapter: STATE_BLE_ON
08-16 13:54:11.627 19047 19047 D BluetoothAdapter: appoCount is = 0
08-16 13:54:11.627 19047 19047 D BluetoothAdapter: STATE_BLE_ON
08-16 13:54:11.627 19047 19047 I QuickConnect[3.0.6914363][40] : BleAdvertiser.getBluetoothLeAdvertiser - getBluetoothLeAdvertiser successed
08-16 13:54:11.637 19047 19047 E QuickConnect[3.0.6914363][40] : PermissionUtil.hasPermission - android.permission.ACCESS_FINE_LOCATION
08-16 13:54:11.637 19047 19047 I QuickConnect[3.0.6914363][40] : BleHelper.shouldScanBleBg - KEY_ALLOW_TO_CONNECT == true
08-16 13:54:11.637 19047 19047 D QuickConnect[3.0.6914363][40] : BleHelper.startScan - [shouldScanBleBg]true || [shouldScanBleFg]false
08-16 13:54:11.637 19047 19065 D QuickConnect[3.0.6914363][40] : BleHelper.startScan - old:0-> new:2
08-16 13:54:11.637 19047 19065 I QuickConnect[3.0.6914363][40] : BleHelper.stopLeScan - call BleScanner.stopScan()
08-16 13:54:11.637 19047 19065 D BluetoothAdapter: STATE_BLE_ON
08-16 13:54:11.637 19047 19065 D BluetoothAdapter: appoCount is = 0
08-16 13:54:11.637 19047 19065 D BluetoothAdapter: STATE_BLE_ON
08-16 13:54:11.637 19047 19065 D BluetoothLeScanner: could not find callback wrapper
08-16 13:54:11.637 19047 19065 D QuickConnect[3.0.6914363][40] : BleHelper.stopLeScan - call BleScanner.stopScan() complete
08-16 13:54:11.667   819  4060 D SSRM:n  : SIOP:: AP = 330, PST = 301, CUR = 450, LCD = 168
08-16 13:54:11.677   819  1077 D PackageManager: [MSG] MCS_UNBIND
08-16 13:54:11.677   819  1077 D PackageManager: [MSG] POST_INSTALL: observer{78585530}
08-16 13:54:11.677   819  1077 D PackageManager:           Handling post-install for 65
08-16 13:54:11.677   819  1077 I art     : Starting a blocking GC Explicit
08-16 13:54:11.777 19047 19065 I QuickConnect[3.0.6914363][40] : BleHelper.startScan - add mScanFilter_LCD_ON
08-16 13:54:11.777 19047 19065 D QuickConnect[3.0.6914363][40] : BleHelper.getMyScanPreferences - set Background Scan
08-16 13:54:11.777 19047 19065 D BluetoothLeScanner: Start Scan
08-16 13:54:11.777 19047 19065 D BluetoothAdapter: STATE_BLE_ON
08-16 13:54:11.777 19047 19065 D BluetoothAdapter: appoCount is = 0
08-16 13:54:11.777 19047 19065 D BluetoothAdapter: STATE_BLE_ON
08-16 13:54:11.777 19047 19065 D BluetoothAdapter: STATE_BLE_ON
08-16 13:54:11.777 19047 19065 D BluetoothAdapter: STATE_BLE_ON
08-16 13:54:11.777 19047 19065 D BluetoothAdapter: appoCount is = 0
08-16 13:54:11.777  2043 10828 D BtGatt.GattService: registerClient() - UUID=19eb1bd6-c1c8-4b67-b469-7f4b22ceaa1f
08-16 13:54:11.817  2043  2274 D BtGatt.GattService: onClientRegistered() - UUID=19eb1bd6-c1c8-4b67-b469-7f4b22ceaa1f, clientIf=7
08-16 13:54:11.827 19047 19058 D BluetoothLeScanner: onClientRegistered() - status=0 clientIf=7
08-16 13:54:11.827  2043 29982 D BtGatt.GattService: start scan with filters
08-16 13:54:11.827  2043 29982 D BluetoothAdapter: STATE_BLE_ON
08-16 13:54:11.827  2043 29982 D BluetoothAdapter: appoCount is = 0
08-16 13:54:11.827  2043 29982 D BluetoothAdapter: STATE_BLE_ON
08-16 13:54:11.827  2043 29982 D BtGatt.GattService: getScanSettings
08-16 13:54:11.827  2043 29982 D BtGatt.GattService: Is it foreground application = false
08-16 13:54:11.827  2043 29982 D BtGatt.GattService: Its a background application running with Low Power scan mode
08-16 13:54:11.827  2043 29982 D BtGatt.GattService: [GSIM LOG]: getActualScanMode (100/1 vs 100/5)
08-16 13:54:11.837  2043 29982 D BtGatt.GattService: [GSIM LOG]: getCallingProcessName: com.samsung.android.sconnect
08-16 13:54:11.837  2043 29982 D BtGatt.GattService: [GSIM LOG]: getCallingProcessName: com.samsung.android.sconnect
08-16 13:54:11.837  2043  2335 E BtGatt.GattService: [GSIM LOG]: gsimLogHandler: com.samsung.android.sconnect, msg: MESSAGE_START_SCAN
08-16 13:54:11.837  2043  2335 D BtGatt.GattService: [GSIM LOG]: gsimLogHandler: prevDate: 16, currDate: 16
08-16 13:54:11.837 19047 19065 D QuickConnect[3.0.6914363][40] : BleHelper.startScan - call BleScanner.startScan() complete
08-16 13:54:11.837  2043  2314 D BtGatt.ScanManager: handling starting scan
08-16 13:54:11.837  2043  2314 D BluetoothAdapter: STATE_BLE_ON
08-16 13:54:11.837  2043  2314 D BluetoothAdapter: STATE_BLE_ON
08-16 13:54:11.837  2043  2314 D BluetoothAdapter: appoCount is = 0
08-16 13:54:11.837  2043  2314 D BluetoothAdapter: STATE_BLE_ON
08-16 13:54:11.837  2043  2314 D BluetoothAdapter: STATE_BLE_ON
08-16 13:54:11.837  2043  2314 D BluetoothAdapter: appoCount is = 0
08-16 13:54:11.837  2043  2314 D BluetoothAdapter: STATE_BLE_ON
08-16 13:54:11.837  2043  2314 D BluetoothAdapter: STATE_BLE_ON
08-16 13:54:11.837  2043  2314 D BluetoothAdapter: appoCount is = 0
08-16 13:54:11.847  2043  2348 D bt_vendor: op for 7
08-16 13:54:11.847  2043  2348 D bt_upio : upio_set : pio 0 action 2, polarity 1
08-16 13:54:11.847  2043  2348 D bt_upio : upio_start_stop_timer : timer_settime success
08-16 13:54:11.847  2043  2348 D bt_upio : upio_set: proc btwrite assertion, buffer: 1, timer_armed 1 1
08-16 13:54:11.847   819   836 V AlarmManager:  remove PendingIntent] PendingIntent{61b533b: PendingIntentRecord{e27d0db com.android.bluetooth broadcastIntent}}
08-16 13:54:11.857   819  1077 I art     : Explicit concurrent mark sweep GC freed 11851(594KB) AllocSpace objects, 5(100KB) LOS objects, 19% free, 64MB/80MB, paused 1.764ms total 168.623ms
08-16 13:54:11.857   819  1077 D PackageManager: result of install: -7{78585530}
08-16 13:54:11.857  2043  2274 D BtGatt.GattService: onScanFilterEnableDisabled() - clientIf=7, status=0, action=1
08-16 13:54:11.857  2043  2274 D BtGatt.ScanManager: callback done for clientIf - 7 status - 0
08-16 13:54:11.857  2043  2314 D BtGatt.ScanManager: set filter index= 8 for clientIf= 7
08-16 13:54:11.857  2043  2314 D BtGatt.ScanManager: addFilterToController: 5
08-16 13:54:11.857  2043  2348 D bt_vendor: op for 7
08-16 13:54:11.857  2043  2348 D bt_upio : upio_set : pio 0 action 2, polarity 1
08-16 13:54:11.857  2043  2348 D bt_upio : BT_WAKE is asserted already
08-16 13:54:11.857  2043  2274 D BtGatt.GattService: onScanFilterConfig() - clientIf=7, action = 0 status = 0, filterType=5, availableSpace=43
08-16 13:54:11.857  2043  2274 D BtGatt.ScanManager: callback done for clientIf - 7 status - 0
08-16 13:54:11.857  2043  2314 D BtGatt.ScanManager: High Rssi Filter value is = -128
08-16 13:54:11.857  2043  2314 D BtGatt.ScanManager: Low Rssi Filter value is = -128
08-16 13:54:11.857  2043  2314 D BtGatt.ScanManager: configureFilterParamter 500 10000 1 0highRssiThreshold = -128lowRssiThreshold = -128matchmode is =1
08-16 13:54:11.857   819  2049 V AlarmManager:  remove PendingIntent] PendingIntent{7a09a58: PendingIntentRecord{e27d0db com.android.bluetooth broadcastIntent}}
08-16 13:54:11.867 18391 18391 D InstallAppProgress: Installation error code: -7
08-16 13:54:11.867   819   835 V AlarmManager:  remove PendingIntent] PendingIntent{678b7b1: PendingIntentRecord{e27d0db com.android.bluetooth broadcastIntent}}
08-16 13:54:11.877  2043  2348 D bt_vendor: op for 7
08-16 13:54:11.877  2043  2348 D bt_upio : upio_set : pio 0 action 2, polarity 1
08-16 13:54:11.877  2043  2348 D bt_upio : BT_WAKE is asserted already
08-16 13:54:11.877  2043  2274 D BtGatt.GattService: onScanFilterParamsConfigured() - clientIf=7, status=0, action=0, availableSpace=11
08-16 13:54:11.877  2043  2274 D BtGatt.ScanManager: callback done for clientIf - 7 status - 0
08-16 13:54:11.877  2043  2314 D BtGatt.ScanManager: configureRegularScanParams() - queue=2
08-16 13:54:11.877  2043  2314 I BtGatt.ScanManager: custom scan scanMode = 100
08-16 13:54:11.877  2043  2314 I BtGatt.ScanManager: New scan mode custom scan scanInterval = 3120scanWindow = 60
08-16 13:54:11.877  2043  2314 E BtGatt.ScanManager: default value of curScanSetting 0 is choosen
08-16 13:54:11.877  2043  2314 I BtGatt.ScanManager: newScanMode = 1newcurScanSetting = 0
08-16 13:54:11.877  2043  2314 I BtGatt.ScanManager: comparing = 1 with = 0
08-16 13:54:11.877  2043  2314 I BtGatt.ScanManager: custom scan scanMode = 100
08-16 13:54:11.877  2043  2314 I BtGatt.ScanManager: New scan mode custom scan scanInterval = 3120scanWindow = 160
08-16 13:54:11.877  2043  2314 I BtGatt.ScanManager: current scan mode custom scan scanInterval = 3120scanWindow = 60
08-16 13:54:11.877  2043  2314 I BtGatt.ScanManager: newScanMode = 5newcurScanSetting = 1
08-16 13:54:11.877  2043  2314 I BtGatt.ScanManager: comparing = 5 with = 1
08-16 13:54:11.877  2043  2314 D BtGatt.ScanManager: configureRegularScanParams() - ScanSetting Scan mode=100 mLastConfiguredScanSetting=100
08-16 13:54:11.877  2043  2314 D BtGatt.ScanManager: configureRegularScanParams - scanInterval = 4992configureRegularScanParams - scanWindow = 256
08-16 13:54:11.877  2043  2348 D bt_vendor: op for 7
08-16 13:54:11.877  2043  2348 D bt_upio : upio_set : pio 0 action 2, polarity 1
08-16 13:54:11.877  2043  2348 D bt_upio : BT_WAKE is asserted already
08-16 13:54:11.877  2043  2348 D bt_vendor: op for 7
08-16 13:54:11.877  2043  2348 D bt_upio : upio_set : pio 0 action 2, polarity 1
08-16 13:54:11.877  2043  2348 D bt_upio : BT_WAKE is asserted already
08-16 13:54:11.877  2043  2348 D bt_vendor: op for 7
08-16 13:54:11.877  2043  2348 D bt_upio : upio_set : pio 0 action 2, polarity 1
08-16 13:54:11.877  2043  2348 D bt_upio : BT_WAKE is asserted already
08-16 13:54:11.877  2043  2348 D bt_vendor: op for 7
08-16 13:54:11.877  2043  2348 D bt_upio : upio_set : pio 0 action 2, polarity 1
08-16 13:54:11.877  2043  2348 D bt_upio : BT_WAKE is asserted already
08-16 13:54:11.877  2043  2274 D BtGatt.GattService: onScanParamSetupCompleted() status=0, clientIf=6
08-16 13:54:11.877  2043  2274 D BtGatt.GattService: onScanParamSetupCompleted : 0
08-16 13:54:11.877   819  1719 V AlarmManager:  remove PendingIntent] PendingIntent{d445496: PendingIntentRecord{e27d0db com.android.bluetooth broadcastIntent}}
08-16 13:54:11.887   819   836 V AlarmManager:  remove PendingIntent] PendingIntent{9e1e817: PendingIntentRecord{e27d0db com.android.bluetooth broadcastIntent}}
08-16 13:54:11.887   819  2049 V AlarmManager:  remove PendingIntent] PendingIntent{2b10404: PendingIntentRecord{e27d0db com.android.bluetooth broadcastIntent}}
08-16 13:54:11.887   819   835 V AlarmManager:  remove PendingIntent] PendingIntent{3b01ded: PendingIntentRecord{e27d0db com.android.bluetooth broadcastIntent}}
08-16 13:54:11.887   819  1719 V AlarmManager:  remove PendingIntent] PendingIntent{d692422: PendingIntentRecord{e27d0db com.android.bluetooth broadcastIntent}}
08-16 13:54:11.897  2043  2335 D BtGatt.GattService: [GSIM LOG]: increaseScanCount : com.samsung.android.sconnect : 105
08-16 13:54:11.897  2043  2335 D BtGatt.GattService: [GSIM LOG]: increaseScanCount : com.samsung.android.sconnect, com.samsung.android.sconnect
08-16 13:54:11.897   819   836 V AlarmManager:  remove PendingIntent] PendingIntent{312eeb3: PendingIntentRecord{e27d0db com.android.bluetooth broadcastIntent}}
08-16 13:54:11.897   819  2049 V AlarmManager:  remove PendingIntent] PendingIntent{53c5c70: PendingIntentRecord{e27d0db com.android.bluetooth broadcastIntent}}
08-16 13:54:11.897   819   835 V AlarmManager:  remove PendingIntent] PendingIntent{d7dabe9: PendingIntentRecord{e27d0db com.android.bluetooth broadcastIntent}}
08-16 13:54:11.907  2043  2335 D BtGatt.GattService: [GSIM LOG]: increaseScanCount 4 Battery : com.samsung.android.sconnect : 6204
08-16 13:54:11.907  2043  2335 D BtGatt.GattService: [GSIM LOG]: setScanTime : com.samsung.android.sconnect : 25573194
08-16 13:54:11.907  2043  2335 D BtGatt.GattService: [GSIM LOG]: setRequestedScanType : com.samsung.android.sconnect : 100
08-16 13:54:11.907  2043  2335 D BtGatt.GattService: [GSIM LOG]: setActualScanType : com.samsung.android.sconnect : 100
08-16 13:54:11.907  2043  2335 D BtGatt.GattService: [GSIM LOG]: updateScanTime: 0
08-16 13:54:11.907  2043  2335 D BtGatt.GattService: [GSIM LOG]: com.samsung.android.sconnect@Custom, R time : 827 => 827
08-16 13:54:11.907  2043  2335 D BtGatt.GattService: [GSIM LOG]: com.samsung.android.sconnect@Custom, A time : 827 => 827
08-16 13:54:11.907  2043  2335 D BtGatt.GattService: [GSIM LOG]: updateScanTime: 0
08-16 13:54:11.907  2043  2335 D BtGatt.GattService: [GSIM LOG]: com.samsung.android.sconnect@Custom, R time : 827 => 827
08-16 13:54:11.907   819  1684 V AlarmManager:  remove PendingIntent] PendingIntent{819606e: PendingIntentRecord{e27d0db com.android.bluetooth broadcastIntent}}
08-16 13:54:11.907   819   836 V AlarmManager:  remove PendingIntent] PendingIntent{143c30f: PendingIntentRecord{e27d0db com.android.bluetooth broadcastIntent}}
08-16 13:54:11.917  2043  2335 D BtGatt.GattService: [GSIM LOG]: com.samsung.android.sconnect@Custom, A time : 827 => 827
08-16 13:54:11.917  2043  2335 D BtGatt.GattService: [GSIM LOG]: setActualScanType : com.samsung.android.sconnect : 100
08-16 13:54:11.917  2043  2335 D BtGatt.GattService: [GSIM LOG]: updateScanTime: 0
08-16 13:54:11.917  2043  2335 D BtGatt.GattService: [GSIM LOG]: com.samsung.android.sconnect@Custom, R time : 827 => 827
08-16 13:54:11.917  2043  2335 D BtGatt.GattService: [GSIM LOG]: com.samsung.android.sconnect@Custom, A time : 827 => 827
08-16 13:54:11.917  2043  2335 D BtGatt.GattService: [GSIM LOG]: setScanTime : com.samsung.android.sconnect : 25573194
08-16 13:54:11.917  2043  2335 D BtGatt.GattService: [GSIM LOG]: updateScanTime: 11
08-16 13:54:11.927  2043  2335 D BtGatt.GattService: [GSIM LOG]: com.samsung.android.beaconmanager@Custom, R time : 823 => 834
08-16 13:54:11.927  2043  2335 D BtGatt.GattService: [GSIM LOG]: com.samsung.android.beaconmanager@Custom, A time : 823 => 834
08-16 13:54:11.927  2043  2335 D BtGatt.GattService: [GSIM LOG]: setActualScanType : com.samsung.android.beaconmanager : 100
08-16 13:54:11.927  2043  2335 D BtGatt.GattService: [GSIM LOG]: updateScanTime: 0
08-16 13:54:11.927  2043  2335 D BtGatt.GattService: [GSIM LOG]: com.samsung.android.beaconmanager@Custom, R time : 834 => 834
08-16 13:54:11.927  2043  2335 D BtGatt.GattService: [GSIM LOG]: com.samsung.android.beaconmanager@Custom, A time : 834 => 834
08-16 13:54:11.927  2043  2335 D BtGatt.GattService: [GSIM LOG]: setScanTime : com.samsung.android.beaconmanager : 25573194
08-16 13:54:11.927   819  2166 V AlarmManager:  remove PendingIntent] PendingIntent{be2cf9c: PendingIntentRecord{e27d0db com.android.bluetooth broadcastIntent}}
08-16 13:54:12.017  1333  1333 D StatusBar.NetworkController: refreshViews connected={ wifi } level=3 combinedSignalIconId=0x7f020648/com.android.systemui:drawable/stat_sys_wifi_signal_4 mobileLabel=Telstra wifiLabel="20SwannRd" emergencyOnly=false combinedLabel="20SwannRd" mAirplaneMode=false mDataActivity=2 mPhoneSignalIconId=0x7f02059c/com.android.systemui:drawable/stat_sys_signal_3_auto_rotate mQSPhoneSignalIconId=0x7f02015c/com.android.systemui:drawable/ic_qs_signal_3 mDataDirectionIconId=0x0/(null) mDataSignalIconId=0x7f02059c/com.android.systemui:drawable/stat_sys_signal_3_auto_rotate mDataTypeIconId=0x7f0203f9/com.android.systemui:drawable/stat_sys_data_connected_4g mQSDataTypeIconId=0x7f02015f/com.android.systemui:drawable/ic_qs_signal_4g mNoSimIconId=0x0/(null) mWifiIconId=0x7f020648/com.android.systemui:drawable/stat_sys_wifi_signal_4 mQSWifiIconId=0x7f02032a/com.android.systemui:drawable/qs_tile_wifi_signal_4 mWifiActivityIconId=0x7f0205f9/com.android.systemui:drawable/stat_sys_signal_in mBluetoothTetherIconId=0x7f020624/com.android.systemui:drawable/stat_sys_tether_bluetooth
08-16 13:54:12.017  1333  1333 D StatusBar.NetworkController: refreshNwBoosterIndicator - setNWBoosterIndicators(false)
08-16 13:54:12.027  1333  1333 D StatusBar.NetworkController: refreshNwBoosterIndicator - setNWBoosterIndicators(false)
08-16 13:54:12.027  1333  1333 D StatusBar.NetworkController: refreshNwBoosterIndicator - setNWBoosterIndicators(false)
08-16 13:54:12.027  1333  1333 D StatusBar.NetworkController: refreshNwBoosterIndicator - setNWBoosterIndicators(false)
08-16 13:54:12.647  2043  2591 D bt_upio : ..proc_btwrite_timeout..
08-16 13:54:12.647  2043  2591 D bt_upio : upio_set : pio 0 action 1, polarity 1
08-16 13:54:12.987  1333  1333 D StatusBar.NetworkController: onSignalStrengthsChanged signalStrength=SignalStrength: 99 99 -120 -160 -120 -1 -1 29 -90 -12 108 -1 2147483647 0x3000 gsm|lte level=3
08-16 13:54:12.987  1333  1333 D StatusBar.NetworkController: updateTelephonySignalStrength: hasService=true ss=SignalStrength: 99 99 -120 -160 -120 -1 -1 29 -90 -12 108 -1 2147483647 0x3000 gsm|lte
08-16 13:54:12.987  1333  1333 D StatusBar.NetworkController: updateTelephonySignalStrength: iconLevel=3
08-16 13:54:12.987  1333  1333 D StatusBar.NetworkController: updateTelephonySignalStrength, No signal level. mPhoneSignalIconId = com.android.systemui:drawable/stat_sys_signal_3_auto_rotate mDataSignalIconId = com.android.systemui:drawable/stat_sys_signal_3_auto_rotate mQSPhoneSignalIconId = com.android.systemui:drawable/ic_qs_signal_3 mContentDescriptionPhoneSignal = Phone three bars.
08-16 13:54:13.087  1333  1333 D StatusBar.NetworkController: refreshViews connected={ wifi } level=3 combinedSignalIconId=0x7f020648/com.android.systemui:drawable/stat_sys_wifi_signal_4 mobileLabel=Telstra wifiLabel="20SwannRd" emergencyOnly=false combinedLabel="20SwannRd" mAirplaneMode=false mDataActivity=2 mPhoneSignalIconId=0x7f02059c/com.android.systemui:drawable/stat_sys_signal_3_auto_rotate mQSPhoneSignalIconId=0x7f02015c/com.android.systemui:drawable/ic_qs_signal_3 mDataDirectionIconId=0x0/(null) mDataSignalIconId=0x7f02059c/com.android.systemui:drawable/stat_sys_signal_3_auto_rotate mDataTypeIconId=0x7f0203f9/com.android.systemui:drawable/stat_sys_data_connected_4g mQSDataTypeIconId=0x7f02015f/com.android.systemui:drawable/ic_qs_signal_4g mNoSimIconId=0x0/(null) mWifiIconId=0x7f020648/com.android.systemui:drawable/stat_sys_wifi_signal_4 mQSWifiIconId=0x7f02032a/com.android.systemui:drawable/qs_tile_wifi_signal_4 mWifiActivityIconId=0x7f0205fe/com.android.systemui:drawable/stat_sys_signal_no_inout mBluetoothTetherIconId=0x7f020624/com.android.systemui:drawable/stat_sys_tether_bluetooth
08-16 13:54:13.087  1333  1333 D StatusBar.NetworkController: refreshNwBoosterIndicator - setNWBoosterIndicators(false)
08-16 13:54:13.097  1333  1333 D StatusBar.NetworkController: refreshNwBoosterIndicator - setNWBoosterIndicators(false)
08-16 13:54:13.097  1333  1333 D StatusBar.NetworkController: refreshNwBoosterIndicator - setNWBoosterIndicators(false)
08-16 13:54:13.107  1333  1333 D StatusBar.NetworkController: refreshNwBoosterIndicator - setNWBoosterIndicators(false)
08-16 13:54:13.117   819  4060 D ConnectivityService: returning getNetworkInfo for network type 1 : [type: WIFI[] - WIFI, state: CONNECTED/CONNECTED, reason: (unspecified), extra: "20SwannRd", roaming: false, failover: false, isAvailable: true]
08-16 13:54:13.627   340   580 D Sensorhubs: readContextData: 1, 1, 7, -1
08-16 13:54:13.627   819  1231 D SensorHubManager: onGetSensorHubDataLocked: library(4) = 1, 1, 7, -1
08-16 13:54:13.637   819  1230 D CAE     : onGetSensorHubData(SensorHubParserProvider.java:92) - onGetSensorHubData Event [event buffer len :4], AP_WAKEUP
08-16 13:54:13.637   819  1230 I CAE     : parse(SensorHubParserProvider.java:188) - buffer size = 4
08-16 13:54:13.637   819  1230 I CAE     : parse(SensorHubParserProvider.java:199) - 1, 1, 7, -1,
08-16 13:54:13.637   819  1230 D CAE     : display(ContextProvider.java:375) - ================= AUTO_ROTATION =================
08-16 13:54:13.637   819  1230 I CAE     : display(ContextProvider.java:391) - Angle=[-1]
08-16 13:54:13.647   819  1235 D SContextService: updateSContext() : event = Auto Rotation
08-16 13:54:13.647   819   819 V WindowOrientationListener: OrientationSensorJudge.onSContextChanged, Rotation: -1
08-16 13:54:13.687   340   580 D Sensorhubs: readContextData: 1, 1, 7, 0
08-16 13:54:13.687   819  1231 D SensorHubManager: onGetSensorHubDataLocked: library(4) = 1, 1, 7, 0
08-16 13:54:13.687   819  1230 D CAE     : onGetSensorHubData(SensorHubParserProvider.java:92) - onGetSensorHubData Event [event buffer len :4], AP_WAKEUP
08-16 13:54:13.687   819  1230 I CAE     : parse(SensorHubParserProvider.java:188) - buffer size = 4
08-16 13:54:13.687   819  1230 I CAE     : parse(SensorHubParserProvider.java:199) - 1, 1, 7, 0,
08-16 13:54:13.697   819  1230 D CAE     : display(ContextProvider.java:375) - ================= AUTO_ROTATION =================
08-16 13:54:13.697   819  1230 I CAE     : display(ContextProvider.java:391) - Angle=[0]
08-16 13:54:13.697   819  1235 D SContextService: updateSContext() : event = Auto Rotation
08-16 13:54:13.697   819   819 V WindowOrientationListener: OrientationSensorJudge.onSContextChanged, Rotation: 0
08-16 13:54:13.697   819   918 V WindowOrientationListener: OrientationSensorJudge.getProposedRotation, Rotation: 0
08-16 13:54:13.697   819   918 V WindowManager: rotationForOrientationLw(orient=-1, last=0); user=0  sensorRotation=0 mLidState=-1 mDockMode=0 mHdmiPlugged=false mMobileKeyboardEnabled=false displayId=0
08-16 13:54:13.697   819   918 V WindowOrientationListener: OrientationSensorJudge.getProposedRotation, Rotation: 0
08-16 13:54:14.267  1333  1333 D StatusBar.NetworkController: onSignalStrengthsChanged signalStrength=SignalStrength: 99 99 -120 -160 -120 -1 -1 28 -90 -12 126 -1 2147483647 0x3000 gsm|lte level=3
08-16 13:54:14.277  1333  1333 D StatusBar.NetworkController: updateTelephonySignalStrength: hasService=true ss=SignalStrength: 99 99 -120 -160 -120 -1 -1 28 -90 -12 126 -1 2147483647 0x3000 gsm|lte
08-16 13:54:14.277  1333  1333 D StatusBar.NetworkController: updateTelephonySignalStrength: iconLevel=3
08-16 13:54:14.277  1333  1333 D StatusBar.NetworkController: updateTelephonySignalStrength, No signal level. mPhoneSignalIconId = com.android.systemui:drawable/stat_sys_signal_3_auto_rotate mDataSignalIconId = com.android.systemui:drawable/stat_sys_signal_3_auto_rotate mQSPhoneSignalIconId = com.android.systemui:drawable/ic_qs_signal_3 mContentDescriptionPhoneSignal = Phone three bars.
08-16 13:54:14.377  1333  1333 D StatusBar.NetworkController: refreshViews connected={ wifi } level=3 combinedSignalIconId=0x7f020648/com.android.systemui:drawable/stat_sys_wifi_signal_4 mobileLabel=Telstra wifiLabel="20SwannRd" emergencyOnly=false combinedLabel="20SwannRd" mAirplaneMode=false mDataActivity=2 mPhoneSignalIconId=0x7f02059c/com.android.systemui:drawable/stat_sys_signal_3_auto_rotate mQSPhoneSignalIconId=0x7f02015c/com.android.systemui:drawable/ic_qs_signal_3 mDataDirectionIconId=0x0/(null) mDataSignalIconId=0x7f02059c/com.android.systemui:drawable/stat_sys_signal_3_auto_rotate mDataTypeIconId=0x7f0203f9/com.android.systemui:drawable/stat_sys_data_connected_4g mQSDataTypeIconId=0x7f02015f/com.android.systemui:drawable/ic_qs_signal_4g mNoSimIconId=0x0/(null) mWifiIconId=0x7f020648/com.android.systemui:drawable/stat_sys_wifi_signal_4 mQSWifiIconId=0x7f02032a/com.android.systemui:drawable/qs_tile_wifi_signal_4 mWifiActivityIconId=0x7f0205fe/com.android.systemui:drawable/stat_sys_signal_no_inout mBluetoothTetherIconId=0x7f020624/com.android.systemui:drawable/stat_sys_tether_bluetooth
08-16 13:54:14.377  1333  1333 D StatusBar.NetworkController: refreshNwBoosterIndicator - setNWBoosterIndicators(false)
08-16 13:54:14.377  1333  1333 D StatusBar.NetworkController: refreshNwBoosterIndicator - setNWBoosterIndicators(false)
08-16 13:54:14.387  1333  1333 D StatusBar.NetworkController: refreshNwBoosterIndicator - setNWBoosterIndicators(false)
08-16 13:54:14.387  1333  1333 D StatusBar.NetworkController: refreshNwBoosterIndicator - setNWBoosterIndicators(false)
08-16 13:54:15.047  1333  1333 D StatusBar.NetworkController: refreshViews connected={ wifi } level=3 combinedSignalIconId=0x7f020648/com.android.systemui:drawable/stat_sys_wifi_signal_4 mobileLabel=Telstra wifiLabel="20SwannRd" emergencyOnly=false combinedLabel="20SwannRd" mAirplaneMode=false mDataActivity=2 mPhoneSignalIconId=0x7f02059c/com.android.systemui:drawable/stat_sys_signal_3_auto_rotate mQSPhoneSignalIconId=0x7f02015c/com.android.systemui:drawable/ic_qs_signal_3 mDataDirectionIconId=0x0/(null) mDataSignalIconId=0x7f02059c/com.android.systemui:drawable/stat_sys_signal_3_auto_rotate mDataTypeIconId=0x7f0203f9/com.android.systemui:drawable/stat_sys_data_connected_4g mQSDataTypeIconId=0x7f02015f/com.android.systemui:drawable/ic_qs_signal_4g mNoSimIconId=0x0/(null) mWifiIconId=0x7f020648/com.android.systemui:drawable/stat_sys_wifi_signal_4 mQSWifiIconId=0x7f02032a/com.android.systemui:drawable/qs_tile_wifi_signal_4 mWifiActivityIconId=0x7f0205fb/com.android.systemui:drawable/stat_sys_signal_inout mBluetoothTetherIconId=0x7f020624/com.android.systemui:drawable/stat_sys_tether_bluetooth
08-16 13:54:15.047  1333  1333 D StatusBar.NetworkController: refreshNwBoosterIndicator - setNWBoosterIndicators(false)
08-16 13:54:15.057  1333  1333 D StatusBar.NetworkController: refreshNwBoosterIndicator - setNWBoosterIndicators(false)
08-16 13:54:15.057  1333  1333 D StatusBar.NetworkController: refreshNwBoosterIndicator - setNWBoosterIndicators(false)
08-16 13:54:15.057  1333  1333 D StatusBar.NetworkController: refreshNwBoosterIndicator - setNWBoosterIndicators(false)
08-16 13:54:15.487   819  1243 D InputReader: Input event(9): value=1 when=1048587241900000
08-16 13:54:15.487   819  1243 I InputReader: Touch event's action is 0x0 (deviceType=0) [pCnt=1, s=0.14584 ] when=1048587242020000
08-16 13:54:15.487   819  1243 D InputReader: lastThreadEndTime = 1048579718660064, currentThreadStartTime = 1048579718669491, diff = 0
08-16 13:54:15.487   819  1242 I InputDispatcher: Delivering touch to (1333): action: 0x4, toolType: 1
08-16 13:54:15.487   819  1242 I InputDispatcher: Delivering touch to (18391): action: 0x0, toolType: 1
08-16 13:54:15.487 18391 18391 D ViewRootImpl: ViewPostImeInputStage processPointer 0
08-16 13:54:15.637   819  1243 D InputReader: Input event(9): value=0 when=1048587394380000
08-16 13:54:15.637   819  1243 I InputReader: Touch event's action is 0x1 (deviceType=0) [pCnt=1, s=] when=1048587394383000
08-16 13:54:15.637   819  1242 I InputDispatcher: Delivering touch to (18391): action: 0x1, toolType: 1
08-16 13:54:15.637 18391 18391 D ViewRootImpl: ViewPostImeInputStage processPointer 1
08-16 13:54:15.637 18391 18391 I InstallAppProgress: Finished installing com.companyname.Phoneword
08-16 13:54:15.647   819  2120 D InputDispatcher: Focused application set to: xxxx
08-16 13:54:15.657   819  1718 D CustomFrequencyManagerService: acquireDVFSLockLocked : type : DVFS_MIN_LIMIT  frequency : 1958400  uid : 1000  pid : 819  pkgName : ACTIVITY_RESUME_BOOSTER@10
08-16 13:54:15.667   819  1718 D ActivityManager: mDVFSHelper.acquire()
08-16 13:54:15.667   819  1718 D ActivityManager:  Launching com.sec.android.app.myfiles, updated priority
