08-16 13:54:05.187   297   903 I SurfaceFlinger: id=4699 Removed NainActivit (2/8)
08-16 13:54:05.187   297   324 I SurfaceFlinger: id=4699 Removed NainActivit (-2/8)
08-16 13:54:05.187   819  1008 D KnoxTimeoutHandler: notifyActivityDrawn [MsgParam] userId: 0 fullscreen is true showWhenlocked is false
08-16 13:54:05.187   819   819 D KnoxTimeoutHandler: activityDrawn [MsgParam] userId: 0 fullscreen is true showWhenlocked is false
08-16 13:54:05.197   819   819 I KnoxTimeoutHandler: SD activityfalse
08-16 13:54:05.197   297   297 D libEGL  : eglTerminate EGLDisplay = 0xbea3c3a4
08-16 13:54:05.197 18315 18315 D MyFiles : AbsMainActivity::AbsMainActivity : onTrimMemory : 20
08-16 13:54:05.197 18315 18315 D MyFiles : MainActivity::MainActivity : onTrimMemory : 20
08-16 13:54:05.297  1333  1333 D StatusBar.NetworkController: onSignalStrengthsChanged signalStrength=SignalStrength: 99 99 -120 -160 -120 -1 -1 25 -89 -10 138 -1 2147483647 0x3000 gsm|lte level=3
08-16 13:54:05.297  1333  1333 D StatusBar.NetworkController: updateTelephonySignalStrength: hasService=true ss=SignalStrength: 99 99 -120 -160 -120 -1 -1 25 -89 -10 138 -1 2147483647 0x3000 gsm|lte
08-16 13:54:05.297  1333  1333 D StatusBar.NetworkController: updateTelephonySignalStrength: iconLevel=3
08-16 13:54:05.297  1333  1333 D StatusBar.NetworkController: updateTelephonySignalStrength, No signal level. mPhoneSignalIconId = com.android.systemui:drawable/stat_sys_signal_3_auto_rotate mDataSignalIconId = com.android.systemui:drawable/stat_sys_signal_3_auto_rotate mQSPhoneSignalIconId = com.android.systemui:drawable/ic_qs_signal_3 mContentDescriptionPhoneSignal = Phone three bars.
08-16 13:54:05.397  1333  1333 D StatusBar.NetworkController: refreshViews connected={ wifi } level=3 combinedSignalIconId=0x7f020645/com.android.systemui:drawable/stat_sys_wifi_signal_3 mobileLabel=Telstra wifiLabel="20SwannRd" emergencyOnly=false combinedLabel="20SwannRd" mAirplaneMode=false mDataActivity=2 mPhoneSignalIconId=0x7f02059c/com.android.systemui:drawable/stat_sys_signal_3_auto_rotate mQSPhoneSignalIconId=0x7f02015c/com.android.systemui:drawable/ic_qs_signal_3 mDataDirectionIconId=0x0/(null) mDataSignalIconId=0x7f02059c/com.android.systemui:drawable/stat_sys_signal_3_auto_rotate mDataTypeIconId=0x7f0203f9/com.android.systemui:drawable/stat_sys_data_connected_4g mQSDataTypeIconId=0x7f02015f/com.android.systemui:drawable/ic_qs_signal_4g mNoSimIconId=0x0/(null) mWifiIconId=0x7f020645/com.android.systemui:drawable/stat_sys_wifi_signal_3 mQSWifiIconId=0x7f020329/com.android.systemui:drawable/qs_tile_wifi_signal_3 mWifiActivityIconId=0x7f0205fe/com.android.systemui:drawable/stat_sys_signal_no_inout mBluetoothTetherIconId=0x7f020624/com.android.systemui:drawable/stat_sys_tether_bluetooth
08-16 13:54:05.397  1333  1333 D StatusBar.NetworkController: refreshNwBoosterIndicator - setNWBoosterIndicators(false)
08-16 13:54:05.397  1333  1333 D StatusBar.NetworkController: refreshNwBoosterIndicator - setNWBoosterIndicators(false)
08-16 13:54:05.397  1333  1333 D StatusBar.NetworkController: refreshNwBoosterIndicator - setNWBoosterIndicators(false)
08-16 13:54:05.397  1333  1333 D StatusBar.NetworkController: refreshNwBoosterIndicator - setNWBoosterIndicators(false)
08-16 13:54:06.007  1333  1333 D StatusBar.NetworkController: refreshViews connected={ wifi } level=3 combinedSignalIconId=0x7f020645/com.android.systemui:drawable/stat_sys_wifi_signal_3 mobileLabel=Telstra wifiLabel="20SwannRd" emergencyOnly=false combinedLabel="20SwannRd" mAirplaneMode=false mDataActivity=2 mPhoneSignalIconId=0x7f02059c/com.android.systemui:drawable/stat_sys_signal_3_auto_rotate mQSPhoneSignalIconId=0x7f02015c/com.android.systemui:drawable/ic_qs_signal_3 mDataDirectionIconId=0x0/(null) mDataSignalIconId=0x7f02059c/com.android.systemui:drawable/stat_sys_signal_3_auto_rotate mDataTypeIconId=0x7f0203f9/com.android.systemui:drawable/stat_sys_data_connected_4g mQSDataTypeIconId=0x7f02015f/com.android.systemui:drawable/ic_qs_signal_4g mNoSimIconId=0x0/(null) mWifiIconId=0x7f020645/com.android.systemui:drawable/stat_sys_wifi_signal_3 mQSWifiIconId=0x7f020329/com.android.systemui:drawable/qs_tile_wifi_signal_3 mWifiActivityIconId=0x7f0205f9/com.android.systemui:drawable/stat_sys_signal_in mBluetoothTetherIconId=0x7f020624/com.android.systemui:drawable/stat_sys_tether_bluetooth
08-16 13:54:06.007  1333  1333 D StatusBar.NetworkController: refreshNwBoosterIndicator - setNWBoosterIndicators(false)
08-16 13:54:06.007  1333  1333 D StatusBar.NetworkController: refreshNwBoosterIndicator - setNWBoosterIndicators(false)
08-16 13:54:06.017  1333  1333 D StatusBar.NetworkController: refreshNwBoosterIndicator - setNWBoosterIndicators(false)
08-16 13:54:06.017  1333  1333 D StatusBar.NetworkController: refreshNwBoosterIndicator - setNWBoosterIndicators(false)
08-16 13:54:06.187   819  1243 D InputReader: Input event(9): value=1 when=1048577940335000
08-16 13:54:06.187   819  1243 I InputReader: Touch event's action is 0x0 (deviceType=0) [pCnt=1, s=0.14581 ] when=1048577940456000
08-16 13:54:06.187   819  1242 I InputDispatcher: Delivering touch to (1333): action: 0x4, toolType: 1
08-16 13:54:06.187   819  1242 I InputDispatcher: Delivering touch to (18391): action: 0x0, toolType: 1
08-16 13:54:06.187   819  1243 D InputReader: lastThreadEndTime = 1048575933346263, currentThreadStartTime = 1048575933349648, diff = 0
08-16 13:54:06.187 18391 18391 D ViewRootImpl: ViewPostImeInputStage processPointer 0
08-16 13:54:06.207   297   297 D libEGL  : eglInitialize EGLDisplay = 0xbea3c364
08-16 13:54:06.267   819  1243 D InputReader: Input event(9): value=0 when=1048578026640000
08-16 13:54:06.267   819  1243 I InputReader: Touch event's action is 0x1 (deviceType=0) [pCnt=1, s=] when=1048578026642000
08-16 13:54:06.267   819  1242 I InputDispatcher: Delivering touch to (18391): action: 0x1, toolType: 1
08-16 13:54:06.267 18391 18391 D ViewRootImpl: ViewPostImeInputStage processPointer 1
08-16 13:54:06.277   819  1265 D InputDispatcher: Focused application set to: xxxx
08-16 13:54:06.337   819  1718 D InputDispatcher: Focus left window: 18391
08-16 13:54:06.337   819  1008 D PointerIcon: setMouseIconStyle1 pointerType: 1001 iconType:101 flag:0 pid:819 uid:1000
08-16 13:54:06.337   819  1008 D PointerIcon: setMouseCustomIcon IconType is same.101
08-16 13:54:06.337   819  1008 D PointerIcon: setHoveringSpenIconStyle1 pointerType: 10001 iconType:1 flag:0 pid:819 uid:1000
08-16 13:54:06.337   819  1008 D PointerIcon: setHoveringSpenCustomIcon IconType is same.1
08-16 13:54:06.337 18315 18315 I VerificationLog: onResume
08-16 13:54:06.337 18315 18315 I VerificationLog: Executed
08-16 13:54:06.337 18315 18315 I VerificationLog: AbsbrowserFragment onresume
08-16 13:54:06.337 18315 18315 D MyFiles : FileBrowserFragment::onResume
08-16 13:54:06.337 18315 18315 D MyFiles : Utils::isMountedStateCheck start
08-16 13:54:06.337 18315 18315 D MyFiles : Utils::isKNOXMode() : false
08-16 13:54:06.337 18315 18315 D MyFiles : Utils::mmc is mounted
08-16 13:54:06.347 18315 18315 D MyFiles : Utils::SecretBox is unmounted. mStoragePath : /storage/Private, mSecretBoxMounted : false, mSecretModeOn : false
08-16 13:54:06.347 18315 18315 D MyFiles : Utils::isMountedStateCheck end
08-16 13:54:06.347 18315 18315 D MyFiles : FileBrowserFragment::refresh - contents not changed
08-16 13:54:06.347   819  2166 D ActivityManager: post active user change for 0 fullscreen true isFloatingActivity() false isHomeActivity() false
08-16 13:54:06.347   819  2166 D KnoxTimeoutHandler: postActiveUserChange [MsgParam] userId: 0 fullscreen is true showWhenlocked is false
08-16 13:54:06.347   819   819 D KnoxTimeoutHandler: handleActiveUserChange [MsgParam] userId: 0 fullscreen is true showWhenlocked is false
08-16 13:54:06.347   819   819 I KnoxTimeoutHandler: Shared devices show user statefalse
08-16 13:54:06.347   297   297 I SurfaceFlinger: id=4706 createSurf (1080x1920),1 flag=404, NainActivit
08-16 13:54:06.347   819  2049 D InputDispatcher: Focus entered window: 18315
08-16 13:54:06.357   819  1008 D PointerIcon: setMouseIconStyle1 pointerType: 1001 iconType:101 flag:0 pid:819 uid:1000
08-16 13:54:06.357   819  1008 D PointerIcon: setMouseCustomIcon IconType is same.101
08-16 13:54:06.357   819  1008 D PointerIcon: setHoveringSpenIconStyle1 pointerType: 10001 iconType:1 flag:0 pid:819 uid:1000
08-16 13:54:06.357   819  1008 D PointerIcon: setHoveringSpenCustomIcon IconType is same.1
08-16 13:54:06.367 18315 18315 W MyFiles : AllFileBrowserAdapter::loadThumbnail
08-16 13:54:06.367 18315 18315 W MyFiles : AllFileBrowserAdapter::loadThumbnail
08-16 13:54:06.377 18315 18315 W MyFiles : AllFileBrowserAdapter::loadThumbnail
08-16 13:54:06.377 18315 18315 W MyFiles : AllFileBrowserAdapter::loadThumbnail
08-16 13:54:06.377   819  1718 D InputMethodManagerService: windowGainedFocus mCurrentFocusedUserId - 0 and mSecureKeypadEnabled-false
08-16 13:54:06.377 30022 30022 D SamsungIME: onStartInput: No inputType, No imeOption, isInputViewShown = false, isExtractViewShown = false, isShowInputRequested = false, isConfigChanged = false
08-16 13:54:06.387   819  1563 V WindowStateAnimator: Finishing drawing window Window{cba5566 u0 d0 com.sec.android.app.myfiles/com.sec.android.app.myfiles.MainActivity}: mDrawState=DRAW_PENDING
08-16 13:54:06.397   297   297 D libEGL  : eglInitialize EGLDisplay = 0xbea3c364
08-16 13:54:06.397   819  1008 D KnoxTimeoutHandler: notifyActivityDrawn [MsgParam] userId: 0 fullscreen is true showWhenlocked is false
08-16 13:54:06.397   819   819 D KnoxTimeoutHandler: activityDrawn [MsgParam] userId: 0 fullscreen is true showWhenlocked is false
08-16 13:54:06.397   819   819 I KnoxTimeoutHandler: SD activityfalse
08-16 13:54:06.407   297   297 D libEGL  : eglInitialize EGLDisplay = 0xbea3c364
08-16 13:54:06.417   297   324 D libEGL  : eglTerminate EGLDisplay = 0xb694164c
08-16 13:54:06.417   297   324 D libEGL  : eglTerminate EGLDisplay = 0xb694164c
08-16 13:54:06.417 18391 18406 D OpenGLRenderer: endAllActiveAnimators on 0xaddb4c80 (RippleDrawable) with handle 0xadffebb0
08-16 13:54:06.427   297   297 D libEGL  : eglInitialize EGLDisplay = 0xbea3c364
08-16 13:54:06.427 18315 18315 I Timeline: Timeline: Activity_idle id: android.os.BinderProxy@353b697 time:1048578185
08-16 13:54:06.577  1333  1333 D StatusBar.NetworkController: onSignalStrengthsChanged signalStrength=SignalStrength: 99 99 -120 -160 -120 -1 -1 28 -89 -10 170 -1 2147483647 0x3000 gsm|lte level=3
08-16 13:54:06.577  1333  1333 D StatusBar.NetworkController: updateTelephonySignalStrength: hasService=true ss=SignalStrength: 99 99 -120 -160 -120 -1 -1 28 -89 -10 170 -1 2147483647 0x3000 gsm|lte
08-16 13:54:06.577  1333  1333 D StatusBar.NetworkController: updateTelephonySignalStrength: iconLevel=3
08-16 13:54:06.587  1333  1333 D StatusBar.NetworkController: updateTelephonySignalStrength, No signal level. mPhoneSignalIconId = com.android.systemui:drawable/stat_sys_signal_3_auto_rotate mDataSignalIconId = com.android.systemui:drawable/stat_sys_signal_3_auto_rotate mQSPhoneSignalIconId = com.android.systemui:drawable/ic_qs_signal_3 mContentDescriptionPhoneSignal = Phone three bars.
08-16 13:54:06.667   819  1008 I Timeline: Timeline: Activity_windows_visible id: ActivityRecord{658cce2 u0 com.sec.android.app.myfiles/.MainActivity t532} time:1048578422
08-16 13:54:06.677   297   328 I SurfaceFlinger: id=4705 Removed QackageInst (6/8)
08-16 13:54:06.677   297   328 I SurfaceFlinger: id=4705 Removed QackageInst (-2/8)
08-16 13:54:06.687  1333  1333 D StatusBar.NetworkController: refreshViews connected={ wifi } level=3 combinedSignalIconId=0x7f020645/com.android.systemui:drawable/stat_sys_wifi_signal_3 mobileLabel=Telstra wifiLabel="20SwannRd" emergencyOnly=false combinedLabel="20SwannRd" mAirplaneMode=false mDataActivity=2 mPhoneSignalIconId=0x7f02059c/com.android.systemui:drawable/stat_sys_signal_3_auto_rotate mQSPhoneSignalIconId=0x7f02015c/com.android.systemui:drawable/ic_qs_signal_3 mDataDirectionIconId=0x0/(null) mDataSignalIconId=0x7f02059c/com.android.systemui:drawable/stat_sys_signal_3_auto_rotate mDataTypeIconId=0x7f0203f9/com.android.systemui:drawable/stat_sys_data_connected_4g mQSDataTypeIconId=0x7f02015f/com.android.systemui:drawable/ic_qs_signal_4g mNoSimIconId=0x0/(null) mWifiIconId=0x7f020645/com.android.systemui:drawable/stat_sys_wifi_signal_3 mQSWifiIconId=0x7f020329/com.android.systemui:drawable/qs_tile_wifi_signal_3 mWifiActivityIconId=0x7f0205f9/com.android.systemui:drawable/stat_sys_signal_in mBluetoothTetherIconId=0x7f020624/com.android.systemui:drawable/stat_sys_tether_bluetooth
08-16 13:54:06.687   297   297 D libEGL  : eglTerminate EGLDisplay = 0xbea3c3a4
08-16 13:54:06.687   297   297 W SurfaceFlinger: couldn't log to binary event log: overflow.
08-16 13:54:06.687  1333  1333 D StatusBar.NetworkController: refreshNwBoosterIndicator - setNWBoosterIndicators(false)
08-16 13:54:06.687  1333  1333 D StatusBar.NetworkController: refreshNwBoosterIndicator - setNWBoosterIndicators(false)
08-16 13:54:06.687  1333  1333 D StatusBar.NetworkController: refreshNwBoosterIndicator - setNWBoosterIndicators(false)
08-16 13:54:06.687  1333  1333 D StatusBar.NetworkController: refreshNwBoosterIndicator - setNWBoosterIndicators(false)
08-16 13:54:06.687   819  1008 D KnoxTimeoutHandler: notifyActivityDrawn [MsgParam] userId: 0 fullscreen is true showWhenlocked is false
08-16 13:54:06.687   819   819 D KnoxTimeoutHandler: activityDrawn [MsgParam] userId: 0 fullscreen is true showWhenlocked is false
08-16 13:54:06.687   819   819 I KnoxTimeoutHandler: SD activityfalse
08-16 13:54:06.697 18391 18391 D ViewRootImpl: #3 mView = null
08-16 13:54:06.827   819  1243 D InputReader: Input event(9): value=1 when=1048578587486000
08-16 13:54:06.827   819  1243 I InputReader: Touch event's action is 0x0 (deviceType=0) [pCnt=1, s=0.14582 ] when=1048578587513000
08-16 13:54:06.827   819  1242 I InputDispatcher: Delivering touch to (18315): action: 0x0, toolType: 1
08-16 13:54:06.827 18315 18315 D ViewRootImpl: ViewPostImeInputStage processPointer 0
08-16 13:54:06.827   819  1243 D InputReader: lastThreadEndTime = 1048578027201939, currentThreadStartTime = 1048578027206418, diff = 0
08-16 13:54:06.917   819  1243 D InputReader: Input event(9): value=0 when=1048578674928000
08-16 13:54:06.917   819  1243 I InputReader: Touch event's action is 0x1 (deviceType=0) [pCnt=1, s=] when=1048578674930000
08-16 13:54:06.917 18315 18315 D ViewRootImpl: ViewPostImeInputStage processPointer 1
08-16 13:54:06.917   819  1242 I InputDispatcher: Delivering touch to (18315): action: 0x1, toolType: 1
08-16 13:54:06.997 18315 18315 D MyFiles : FileBrowserFragment::onItemClick() : parent = com.sec.android.app.myfiles.view.MyFilesListView{8da9c21 VFED.VCL. .F....ID 0,0-1080,1608 #7f0f0055 app:id/listview}
08-16 13:54:07.007  1333  1333 D StatusBar.NetworkController: refreshViews connected={ wifi } level=3 combinedSignalIconId=0x7f020645/com.android.systemui:drawable/stat_sys_wifi_signal_3 mobileLabel=Telstra wifiLabel="20SwannRd" emergencyOnly=false combinedLabel="20SwannRd" mAirplaneMode=false mDataActivity=2 mPhoneSignalIconId=0x7f02059c/com.android.systemui:drawable/stat_sys_signal_3_auto_rotate mQSPhoneSignalIconId=0x7f02015c/com.android.systemui:drawable/ic_qs_signal_3 mDataDirectionIconId=0x0/(null) mDataSignalIconId=0x7f02059c/com.android.systemui:drawable/stat_sys_signal_3_auto_rotate mDataTypeIconId=0x7f0203f9/com.android.systemui:drawable/stat_sys_data_connected_4g mQSDataTypeIconId=0x7f02015f/com.android.systemui:drawable/ic_qs_signal_4g mNoSimIconId=0x0/(null) mWifiIconId=0x7f020645/com.android.systemui:drawable/stat_sys_wifi_signal_3 mQSWifiIconId=0x7f020329/com.android.systemui:drawable/qs_tile_wifi_signal_3 mWifiActivityIconId=0x7f0205fe/com.android.systemui:drawable/stat_sys_signal_no_inout mBluetoothTetherIconId=0x7f020624/com.android.systemui:drawable/stat_sys_tether_bluetooth
08-16 13:54:07.007  1333  1333 D StatusBar.NetworkController: refreshNwBoosterIndicator - setNWBoosterIndicators(false)
08-16 13:54:07.007  1333  1333 D StatusBar.NetworkController: refreshNwBoosterIndicator - setNWBoosterIndicators(false)
08-16 13:54:07.007  1333  1333 D StatusBar.NetworkController: refreshNwBoosterIndicator - setNWBoosterIndicators(false)
08-16 13:54:07.007  1333  1333 D StatusBar.NetworkController: refreshNwBoosterIndicator - setNWBoosterIndicators(false)
08-16 13:54:07.017   819  2049 D InputDispatcher: Focused application set to: xxxx
08-16 13:54:07.017   819  2049 D InputDispatcher: Focus left window: 18315
08-16 13:54:07.027   819  1008 D PointerIcon: setMouseIconStyle1 pointerType: 1001 iconType:101 flag:0 pid:819 uid:1000
08-16 13:54:07.027   819  1008 D PointerIcon: setMouseCustomIcon IconType is same.101
08-16 13:54:07.027   819  1008 D PointerIcon: setHoveringSpenIconStyle1 pointerType: 10001 iconType:1 flag:0 pid:819 uid:1000
08-16 13:54:07.027   819  1008 D PointerIcon: setHoveringSpenCustomIcon IconType is same.1
08-16 13:54:07.037 18315 18315 D MyFiles : FileUtils::update file open count
08-16 13:54:07.207 18391 18391 D ViewRootImpl: #1 mView = com.android.internal.policy.PhoneWindow$DecorView{2ef5e2e I.E...... R.....ID 0,0-0,0}
08-16 13:54:07.207   819  2120 D ISSUE_DEBUG: InputChannelName : 20bfc2d com.google.android.packageinstaller/com.android.packageinstaller.PackageInstallerActivity
08-16 13:54:07.207   819  2097 D ActivityManager: post active user change for 0 fullscreen true isFloatingActivity() false isHomeActivity() false
08-16 13:54:07.207   819  2097 D KnoxTimeoutHandler: postActiveUserChange [MsgParam] userId: 0 fullscreen is true showWhenlocked is false
08-16 13:54:07.207   819   819 D KnoxTimeoutHandler: handleActiveUserChange [MsgParam] userId: 0 fullscreen is true showWhenlocked is false
08-16 13:54:07.207   819   819 I KnoxTimeoutHandler: Shared devices show user statefalse
08-16 13:54:07.217   297   297 I SurfaceFlinger: id=4707 createSurf (1x1),1 flag=404, QackageInst
08-16 13:54:07.227   819  1265 D InputDispatcher: Focus entered window: 18391
08-16 13:54:07.227   819  1008 D PointerIcon: setMouseIconStyle1 pointerType: 1001 iconType:101 flag:0 pid:819 uid:1000
08-16 13:54:07.227   819  1008 D PointerIcon: setMouseCustomIcon IconType is same.101
08-16 13:54:07.227   819  1008 D PointerIcon: setHoveringSpenIconStyle1 pointerType: 10001 iconType:1 flag:0 pid:819 uid:1000
08-16 13:54:07.227   819  1008 D PointerIcon: setHoveringSpenCustomIcon IconType is same.1
08-16 13:54:07.247 18391 18391 D ViewRootImpl: MSG_RESIZED_REPORT: ci=Rect(0, 72 - 0, 0) vi=Rect(0, 72 - 0, 0) or=1
08-16 13:54:07.247 18391 18391 W DisplayListCanvas: DisplayListCanvas is started on unbinded RenderNode (without mOwningView)
08-16 13:54:07.247   819  2166 V WindowStateAnimator: Finishing drawing window Window{20bfc2d u0 d0 com.google.android.packageinstaller/com.android.packageinstaller.PackageInstallerActivity}: mDrawState=DRAW_PENDING
08-16 13:54:07.247   819   835 D InputMethodManagerService: windowGainedFocus mCurrentFocusedUserId - 0 and mSecureKeypadEnabled-false
08-16 13:54:07.257   297   297 D libEGL  : eglInitialize EGLDisplay = 0xbea3c364
08-16 13:54:07.257   819  1008 D KnoxTimeoutHandler: notifyActivityDrawn [MsgParam] userId: 0 fullscreen is true showWhenlocked is false
08-16 13:54:07.267   819   819 D KnoxTimeoutHandler: activityDrawn [MsgParam] userId: 0 fullscreen is true showWhenlocked is false
08-16 13:54:07.267   819  1008 I ActivityManager: Displayed com.google.android.packageinstaller/com.android.packageinstaller.PackageInstallerActivity: +215ms
08-16 13:54:07.267   819   819 I KnoxTimeoutHandler: SD activityfalse
08-16 13:54:07.267 18391 18391 I Timeline: Timeline: Activity_idle id: android.os.BinderProxy@39a08a9 time:1048579023
08-16 13:54:07.267 30022 30022 D SamsungIME: onStartInput: No inputType, No imeOption, isInputViewShown = false, isExtractViewShown = false, isShowInputRequested = false, isConfigChanged = false
08-16 13:54:07.277   297   297 D libEGL  : eglInitialize EGLDisplay = 0xbea3c364
08-16 13:54:07.297   297   903 D libEGL  : eglTerminate EGLDisplay = 0xb2a3f64c
08-16 13:54:07.297   297   903 D libEGL  : eglTerminate EGLDisplay = 0xb2a3f64c
08-16 13:54:07.297 18315 18340 D OpenGLRenderer: endAllActiveAnimators on 0x9bc1e500 (MyFilesListView) with handle 0x9e5fdac0
08-16 13:54:07.527   819  1008 I Timeline: Timeline: Activity_windows_visible id: ActivityRecord{3c731f1 u0 com.google.android.packageinstaller/com.android.packageinstaller.PackageInstallerActivity t532} time:1048579288
08-16 13:54:07.537   297 11273 I SurfaceFlinger: id=4706 Removed NainActivit (2/8)
08-16 13:54:07.537   297   328 I SurfaceFlinger: id=4706 Removed NainActivit (-2/8)
08-16 13:54:07.547   297   297 D libEGL  : eglTerminate EGLDisplay = 0xbea3c3a4
08-16 13:54:07.547   819  1008 D KnoxTimeoutHandler: notifyActivityDrawn [MsgParam] userId: 0 fullscreen is true showWhenlocked is false
08-16 13:54:07.547   819   819 D KnoxTimeoutHandler: activityDrawn [MsgParam] userId: 0 fullscreen is true showWhenlocked is false
08-16 13:54:07.557   819   819 I KnoxTimeoutHandler: SD activityfalse
08-16 13:54:07.557 18315 18315 D MyFiles : AbsMainActivity::AbsMainActivity : onTrimMemory : 20
08-16 13:54:07.557 18315 18315 D MyFiles : MainActivity::MainActivity : onTrimMemory : 20
08-16 13:54:07.857  1333  1333 D StatusBar.NetworkController: onSignalStrengthsChanged signalStrength=SignalStrength: 99 99 -120 -160 -120 -1 -1 27 -89 -10 138 -1 2147483647 0x3000 gsm|lte level=3
08-16 13:54:07.857  1333  1333 D StatusBar.NetworkController: updateTelephonySignalStrength: hasService=true ss=SignalStrength: 99 99 -120 -160 -120 -1 -1 27 -89 -10 138 -1 2147483647 0x3000 gsm|lte
08-16 13:54:07.857  1333  1333 D StatusBar.NetworkController: updateTelephonySignalStrength: iconLevel=3
08-16 13:54:07.867  1333  1333 D StatusBar.NetworkController: updateTelephonySignalStrength, No signal level. mPhoneSignalIconId = com.android.systemui:drawable/stat_sys_signal_3_auto_rotate mDataSignalIconId = com.android.systemui:drawable/stat_sys_signal_3_auto_rotate mQSPhoneSignalIconId = com.android.systemui:drawable/ic_qs_signal_3 mContentDescriptionPhoneSignal = Phone three bars.
08-16 13:54:07.877   819  1243 D InputReader: Input event(9): value=1 when=1048579631402000
08-16 13:54:07.877   819  1243 I InputReader: Touch event's action is 0x0 (deviceType=0) [pCnt=1, s=0.14583 ] when=1048579631454000
08-16 13:54:07.877   819  1242 I InputDispatcher: Delivering touch to (1333): action: 0x4, toolType: 1
08-16 13:54:07.877   819  1242 I InputDispatcher: Delivering touch to (18391): action: 0x0, toolType: 1
08-16 13:54:07.877 18391 18391 D ViewRootImpl: ViewPostImeInputStage processPointer 0
08-16 13:54:07.877   819  1243 D InputReader: lastThreadEndTime = 1048578675454023, currentThreadStartTime = 1048578675459439, diff = 0
08-16 13:54:07.907   297   297 D libEGL  : eglInitialize EGLDisplay = 0xbea3c364
--------- beginning of system
08-16 13:54:07.907   819  1277 D ConnectivityService:   checking if request is: NetworkRequest [ id=1053, legacyType=-1, [ Capabilities: INTERNET&NOT_RESTRICTED&TRUSTED] ] satisfies: true nri.isRequest: false
08-16 13:54:07.907   819  1277 D ConnectivityService: Network NetworkAgentInfo [WIFI () - 579] was already satisfying request 1. No change.
08-16 13:54:07.907   819  1277 D ConnectivityService:   checking if request is: NetworkRequest [ id=1028, legacyType=-1, [ Capabilities: INTERNET&NOT_RESTRICTED&TRUSTED] ] satisfies: true nri.isRequest: false
08-16 13:54:07.907   819  1277 D ConnectivityService:   checking if request is: NetworkRequest [ id=5, legacyType=-1, [] ] satisfies: true nri.isRequest: false
08-16 13:54:07.907   819  1277 D ConnectivityService:   checking if request is: NetworkRequest [ id=1054, legacyType=-1, [ Capabilities: INTERNET&NOT_RESTRICTED&TRUSTED&NOT_VPN] ] satisfies: true nri.isRequest: false
08-16 13:54:07.907   819  1277 D ConnectivityService:   checking if request is: NetworkRequest [ id=4, legacyType=-1, [ Transports: WIFI Capabilities: INTERNET&NOT_RESTRICTED&TRUSTED&NOT_VPN] ] satisfies: true nri.isRequest: false
08-16 13:54:07.907   819  1277 D ConnectivityService:   checking if request is: NetworkRequest [ id=3, legacyType=-1, [ Transports: CELLULAR Capabilities: INTERNET&NOT_RESTRICTED&TRUSTED&NOT_VPN] ] satisfies: false nri.isRequest: false
08-16 13:54:07.907   819  1277 D ConnectivityService: notifyType CAP_CHANGED for NetworkAgentInfo [WIFI () - 579]
08-16 13:54:07.907   819  1277 D ConnectivityService:  sending notification for NetworkRequest [ id=1, legacyType=-1, [ Capabilities: INTERNET&NOT_RESTRICTED&TRUSTED&NOT_VPN] ]
08-16 13:54:07.907   819  1277 D ConnectivityService:  sending notification for NetworkRequest [ id=4, legacyType=-1, [ Transports: WIFI Capabilities: INTERNET&NOT_RESTRICTED&TRUSTED&NOT_VPN] ]
08-16 13:54:07.907   819  1277 D ConnectivityService: sending notification CAP_CHANGED for NetworkRequest [ id=4, legacyType=-1, [ Transports: WIFI Capabilities: INTERNET&NOT_RESTRICTED&TRUSTED&NOT_VPN] ]
08-16 13:54:07.907   819  1277 D ConnectivityService:  sending notification for NetworkRequest [ id=5, legacyType=-1, [] ]
08-16 13:54:07.907   819  1277 D ConnectivityService: sending notification CAP_CHANGED for NetworkRequest [ id=5, legacyType=-1, [] ]
08-16 13:54:07.907   819  1277 D ConnectivityService:  sending notification for NetworkRequest [ id=1028, legacyType=-1, [ Capabilities: INTERNET&NOT_RESTRICTED&TRUSTED] ]
08-16 13:54:07.907   819  1277 D ConnectivityService: sending notification CAP_CHANGED for NetworkRequest [ id=1028, legacyType=-1, [ Capabilities: INTERNET&NOT_RESTRICTED&TRUSTED] ]
08-16 13:54:07.907   819  1277 D ConnectivityService:  sending notification for NetworkRequest [ id=1053, legacyType=-1, [ Capabilities: INTERNET&NOT_RESTRICTED&TRUSTED] ]
08-16 13:54:07.907   819  1277 D ConnectivityService: sending notification CAP_CHANGED for NetworkRequest [ id=1053, legacyType=-1, [ Capabilities: INTERNET&NOT_RESTRICTED&TRUSTED] ]
08-16 13:54:07.917   819  1277 D ConnectivityService:  sending notification for NetworkRequest [ id=1054, legacyType=-1, [ Capabilities: INTERNET&NOT_RESTRICTED&TRUSTED&NOT_VPN] ]
08-16 13:54:07.917   819  1277 D ConnectivityService: sending notification CAP_CHANGED for NetworkRequest [ id=1054, legacyType=-1, [ Capabilities: INTERNET&NOT_RESTRICTED&TRUSTED&NOT_VPN] ]
08-16 13:54:07.957   819  1243 D InputReader: Input event(9): value=0 when=1048579718293000
08-16 13:54:07.957   819  1243 I InputReader: Touch event's action is 0x1 (deviceType=0) [pCnt=1, s=] when=1048579718298000
08-16 13:54:07.957   819  1242 I InputDispatcher: Delivering touch to (18391): action: 0x1, toolType: 1
08-16 13:54:07.967 18391 18391 D ViewRootImpl: ViewPostImeInputStage processPointer 1
08-16 13:54:07.967 18391 18391 I Timeline: Timeline: Activity_launch_request id:com.google.android.packageinstaller time:1048579723
08-16 13:54:07.977   819  1363 E Parcel  : Class not found when unmarshalling: com.android.packageinstaller.InstallFlowAnalytics
08-16 13:54:07.977   819  1363 E Parcel  : java.lang.ClassNotFoundException: com.android.packageinstaller.InstallFlowAnalytics
08-16 13:54:07.977   819  1363 E Parcel  : 	at java.lang.Class.classForName(Native Method)
08-16 13:54:07.977   819  1363 E Parcel  : 	at java.lang.Class.forName(Class.java:324)
08-16 13:54:07.977   819  1363 E Parcel  : 	at android.os.Parcel.readParcelableCreator(Parcel.java:2404)
08-16 13:54:07.977   819  1363 E Parcel  : 	at android.os.Parcel.readParcelable(Parcel.java:2358)
08-16 13:54:07.977   819  1363 E Parcel  : 	at android.os.Parcel.readValue(Parcel.java:2264)
08-16 13:54:07.977   819  1363 E Parcel  : 	at android.os.Parcel.readArrayMapInternal(Parcel.java:2614)
08-16 13:54:07.977   819  1363 E Parcel  : 	at android.os.BaseBundle.unparcel(BaseBundle.java:221)
08-16 13:54:07.977   819  1363 E Parcel  : 	at android.os.BaseBundle.getString(BaseBundle.java:920)
08-16 13:54:07.977   819  1363 E Parcel  : 	at android.content.Intent.getStringExtra(Intent.java:6183)
08-16 13:54:07.977   819  1363 E Parcel  : 	at com.android.server.am.ActivityStackSupervisor.startActivityLocked(ActivityStackSupervisor.java:2695)
08-16 13:54:07.977   819  1363 E Parcel  : 	at com.android.server.am.ActivityStackSupervisor.startActivityMayWait(ActivityStackSupervisor.java:2157)
08-16 13:54:07.977   819  1363 E Parcel  : 	at com.android.server.am.ActivityManagerService.startActivityAsUser(ActivityManagerService.java:6335)
08-16 13:54:07.977   819  1363 E Parcel  : 	at com.android.server.am.ActivityManagerService.startActivity(ActivityManagerService.java:6113)
08-16 13:54:07.977   819  1363 E Parcel  : 	at android.app.ActivityManagerNative.onTransact(ActivityManagerNative.java:170)
08-16 13:54:07.977   819  1363 E Parcel  : 	at com.android.server.am.ActivityManagerService.onTransact(ActivityManagerService.java:3985)
08-16 13:54:07.977   819  1363 E Parcel  : 	at android.os.Binder.execTransact(Binder.java:453)
08-16 13:54:07.977   819  1363 E Parcel  : Caused by: java.lang.ClassNotFoundException: com.android.packageinstaller.InstallFlowAnalytics
08-16 13:54:07.977   819  1363 E Parcel  : 	at java.lang.Class.classForName(Native Method)
08-16 13:54:07.977   819  1363 E Parcel  : 	at java.lang.BootClassLoader.findClass(ClassLoader.java:781)
08-16 13:54:07.977   819  1363 E Parcel  : 	at java.lang.BootClassLoader.loadClass(ClassLoader.java:841)
08-16 13:54:07.977   819  1363 E Parcel  : 	at java.lang.ClassLoader.loadClass(ClassLoader.java:469)
08-16 13:54:07.977   819  1363 E Parcel  : 	... 16 more
08-16 13:54:07.977   819  1363 E Parcel  : Caused by: java.lang.NoClassDefFoundError: Class not found using the boot class loader; no stack trace available
08-16 13:54:07.977   819  1363 D CustomFrequencyManagerService: acquireDVFSLockLocked : type : DVFS_MIN_LIMIT  frequency : 1958400  uid : 1000  pid : 819  pkgName : ACTIVITY_RESUME_BOOSTER@10
08-16 13:54:07.977   819  1363 D ActivityManager: mDVFSHelper.acquire()
08-16 13:54:07.977   819  1363 V WindowManager: addAppToken: AppWindowToken{72d83e5 token=Token{ffce6dc ActivityRecord{26af4f u0 com.google.android.packageinstaller/com.android.packageinstaller.InstallAppProgress t532}}} to stack=1 task=532 at 2
08-16 13:54:07.987   819  1363 D InputDispatcher: Focused application set to: xxxx
08-16 13:54:07.987   819  1363 D InputDispatcher: Focus left window: 18391
08-16 13:54:07.997   819  1008 D PointerIcon: setMouseIconStyle1 pointerType: 1001 iconType:101 flag:0 pid:819 uid:1000
08-16 13:54:07.997   819  1008 D PointerIcon: setMouseCustomIcon IconType is same.101
08-16 13:54:07.997   819  1008 D PointerIcon: setHoveringSpenIconStyle1 pointerType: 10001 iconType:1 flag:0 pid:819 uid:1000
08-16 13:54:07.997   819  1008 D PointerIcon: setHoveringSpenCustomIcon IconType is same.1
08-16 13:54:07.997   819   915 V MARsPolicyManager: updatePackagesScore PackageInfo name -- com.google.android.packageinstaller
08-16 13:54:08.007  1333  1333 D StatusBar.NetworkController: refreshViews connected={ wifi } level=3 combinedSignalIconId=0x7f020648/com.android.systemui:drawable/stat_sys_wifi_signal_4 mobileLabel=Telstra wifiLabel="20SwannRd" emergencyOnly=false combinedLabel="20SwannRd" mAirplaneMode=false mDataActivity=2 mPhoneSignalIconId=0x7f02059c/com.android.systemui:drawable/stat_sys_signal_3_auto_rotate mQSPhoneSignalIconId=0x7f02015c/com.android.systemui:drawable/ic_qs_signal_3 mDataDirectionIconId=0x0/(null) mDataSignalIconId=0x7f02059c/com.android.systemui:drawable/stat_sys_signal_3_auto_rotate mDataTypeIconId=0x7f0203f9/com.android.systemui:drawable/stat_sys_data_connected_4g mQSDataTypeIconId=0x7f02015f/com.android.systemui:drawable/ic_qs_signal_4g mNoSimIconId=0x0/(null) mWifiIconId=0x7f020648/com.android.systemui:drawable/stat_sys_wifi_signal_4 mQSWifiIconId=0x7f02032a/com.android.systemui:drawable/qs_tile_wifi_signal_4 mWifiActivityIconId=0x7f0205fe/com.android.systemui:drawable/stat_sys_signal_no_inout mBluetoothTetherIconId=0x7f020624/com.android.systemui:drawable/stat_sys_tether_bluetooth
08-16 13:54:08.007  1333  1333 D StatusBar.NetworkController: refreshNwBoosterIndicator - setNWBoosterIndicators(false)
08-16 13:54:08.007 18391 18391 W ResourcesManager: getTopLevelResources: /system/priv-app/GooglePackageInstaller/GooglePackageInstaller.apk / 1.0 running in com.google.android.packageinstaller rsrc of package null
08-16 13:54:08.017  1333  1333 D StatusBar.NetworkController: refreshNwBoosterIndicator - setNWBoosterIndicators(false)
08-16 13:54:08.017  1333  1333 D StatusBar.NetworkController: refreshNwBoosterIndicator - setNWBoosterIndicators(false)
08-16 13:54:08.017  1333  1333 D StatusBar.NetworkController: refreshNwBoosterIndicator - setNWBoosterIndicators(false)
08-16 13:54:08.017 18391 18391 W InstallAppProgress: Replacing package:com.companyname.Phoneword
08-16 13:54:08.027   819   835 I PackageManager: installPackageAsUser params originPath =/storage/B7CE-13F2/Download/com.companyname.Phoneword.apk installerPackageName =null
08-16 13:54:08.027   819   835 D PackageManager: START_PACKAGE_INSTALL: observer{78585530}
08-16 13:54:08.027   819   835 D PackageManager:           originPath{/storage/B7CE-13F2/Download/com.companyname.Phoneword.apk}
08-16 13:54:08.027   819  1077 D PackageManager: [MSG] INIT_COPY: observer{78585530}
08-16 13:54:08.027   819  1077 D PackageManager:           idx{0}
08-16 13:54:08.027   819  1077 D PackageManager:           for_user{UserHandle{0}}
08-16 13:54:08.037 18391 18391 D ViewRootImpl: #1 mView = com.android.internal.policy.PhoneWindow$DecorView{a5e5b8c I.E...... R.....ID 0,0-0,0}
08-16 13:54:08.037   819  1703 D ISSUE_DEBUG: InputChannelName : d033947 com.google.android.packageinstaller/com.android.packageinstaller.InstallAppProgress
08-16 13:54:08.037 18391 18391 D SecWifiDisplayUtil: Metadata value : none
08-16 13:54:08.047   819  1683 D ActivityManager: post active user change for 0 fullscreen true isFloatingActivity() false isHomeActivity() false
08-16 13:54:08.047   819  1683 D KnoxTimeoutHandler: postActiveUserChange [MsgParam] userId: 0 fullscreen is true showWhenlocked is false
08-16 13:54:08.047   819   819 D KnoxTimeoutHandler: handleActiveUserChange [MsgParam] userId: 0 fullscreen is true showWhenlocked is false
08-16 13:54:08.047   819  1077 D PackageManager: [MSG] MCS_BOUND: observer{78585530}
08-16 13:54:08.047   819  1077 D PackageManager:           for_user{UserHandle{0}}
08-16 13:54:08.047   819   819 I KnoxTimeoutHandler: Shared devices show user statefalse
08-16 13:54:08.057   297   297 I SurfaceFlinger: id=4708 createSurf (1x1),1 flag=404, JnstallAppP
08-16 13:54:08.057 16846 16856 E NativeLibraryHelper: Failed to load assets verifier: 0
08-16 13:54:08.057   819  2166 D InputDispatcher: Focus entered window: 18391
08-16 13:54:08.057   819   918 D StatusBarManagerService: manageDisableList userId=0 what=0x0 pkg=Window{d033947 u0 d0 com.google.android.packageinstaller/com.android.packageinstaller.InstallAppProgress}
08-16 13:54:08.067   819  1008 D PointerIcon: setMouseIconStyle1 pointerType: 1001 iconType:101 flag:0 pid:819 uid:1000
08-16 13:54:08.067   819  1008 D PointerIcon: setMouseCustomIcon IconType is same.101
08-16 13:54:08.067   819  1008 D PointerIcon: setHoveringSpenIconStyle1 pointerType: 10001 iconType:1 flag:0 pid:819 uid:1000
08-16 13:54:08.067   819  1008 D PointerIcon: setHoveringSpenCustomIcon IconType is same.1
08-16 13:54:08.067   819  1077 I PackageManager: EAS IT Policy AllowList = 
08-16 13:54:08.067   819  1077 I PackageManager: isAppBlockedByDPM?? = false
08-16 13:54:08.077 16846 16857 E NativeLibraryHelper: Failed to load assets verifier: 0
08-16 13:54:08.077   819  1077 D PackageManager: [VERIFY] getRequiredVerifiersLPr: 2 verifiers
08-16 13:54:08.077   819  1077 D PackageManager: [VERIFY]     com.android.vending(10024)
08-16 13:54:08.077   819  1077 D PackageManager: [VERIFY]     com.samsung.android.sm.devicesecurity(5012)
08-16 13:54:08.077   819  1077 D PersonaManagerService: needVerificationForPackage  
08-16 13:54:08.077   819  1077 D PersonaManagerService: needVerificationForPackage com.companyname.Phoneword
08-16 13:54:08.077   819  1077 D PersonaManagerService: needVerificationForPackage return true for  at the end com.companyname.Phoneword
08-16 13:54:08.077   819  1077 I PackageManager: installerUid : 10014
08-16 13:54:08.077   819  1077 D PackageManager: [VERIFY] Found 2 verifiers for intent Intent { act=android.intent.action.PACKAGE_NEEDS_VERIFICATION dat=file:///storage/B7CE-13F2/Download/com.companyname.Phoneword.apk typ=application/vnd.android.package-archive flg=0x10000001 } with 0 optional verifiers
08-16 13:54:08.077   819  1077 D PackageManager: [VERIFY] sendOrderedBroadcastToPendingVerifier:
08-16 13:54:08.077   819  1077 D PackageManager: PackageVerificationState{
08-16 13:54:08.077   819  1077 D PackageManager:     verifier packages=com.android.vending(10024),com.samsung.android.sm.devicesecurity(5012),
08-16 13:54:08.077   819  1077 D PackageManager:     intent=Intent { act=android.intent.action.PACKAGE_NEEDS_VERIFICATION dat=file:///storage/B7CE-13F2/Download/com.companyname.Phoneword.apk typ=application/vnd.android.package-archive flg=0x10000001 (has extras) }
08-16 13:54:08.077   819  1077 D PackageManager:     others=56, false, false, false, false, false
08-16 13:54:08.077   819  1077 D PackageManager: }
08-16 13:54:08.077   819  1077 I HarmonyEASService: Updating for all 1
08-16 13:54:08.077   819  1077 D PackageManager: remove MCS_UNBIND message and Posting MCS_UNBIND 10 secs later
08-16 13:54:08.087 18391 18391 W DisplayListCanvas: DisplayListCanvas is started on unbinded RenderNode (without mOwningView)
08-16 13:54:08.087 16871 16871 I Finsky  : [1] com.google.android.finsky.verifier.impl.PackageVerificationReceiver.onReceive(7): Verification requested, id = 56
08-16 13:54:08.087   819  1778 V WindowStateAnimator: Finishing drawing window Window{d033947 u0 d0 com.google.android.packageinstaller/com.android.packageinstaller.InstallAppProgress}: mDrawState=DRAW_PENDING
08-16 13:54:08.087   819   915 V BroadcastQueue: [foreground] Process cur broadcast BroadcastRecord{9bd3574 u0 android.intent.action.PACKAGE_NEEDS_VERIFICATION qIdx=2}, state= (APP_RECEIVE) DELIVERED for app ProcessRecord{bbd4a81 16871:com.android.vending/u0a24}
08-16 13:54:08.097 18391 18391 D ViewRootImpl: MSG_RESIZED_REPORT: ci=Rect(0, 72 - 0, 0) vi=Rect(0, 72 - 0, 0) or=1
08-16 13:54:08.097   297   297 D libEGL  : eglInitialize EGLDisplay = 0xbea3c364
08-16 13:54:08.097   819  1563 D InputMethodManagerService: windowGainedFocus mCurrentFocusedUserId - 0 and mSecureKeypadEnabled-false
08-16 13:54:08.097   819   819 D PackageManager: [VERIFY] onReceive for RequiredVerifier id=56
08-16 13:54:08.097   819   819 D PackageManager: [VERIFY] sendMessageDelayed(CHECK_PENDING_VERIFICATION, 56, 15000)
08-16 13:54:08.107 16871 16871 E Finsky  : [1] com.google.android.finsky.verifier.impl.VerifyPerSourceInstallationConsentInstallTask.b(87): Package name null is not an installed package
08-16 13:54:08.107   819  1008 D KnoxTimeoutHandler: notifyActivityDrawn [MsgParam] userId: 0 fullscreen is true showWhenlocked is false
08-16 13:54:08.107 16871 16871 W Finsky  : [1] com.google.android.finsky.verifier.impl.ex.d(82): The installer's package name is missing
08-16 13:54:08.107 30022 30022 D SamsungIME: onStartInput: No inputType, No imeOption, isInputViewShown = false, isExtractViewShown = false, isShowInputRequested = false, isConfigChanged = false
08-16 13:54:08.107   819   819 D KnoxTimeoutHandler: activityDrawn [MsgParam] userId: 0 fullscreen is true showWhenlocked is false
08-16 13:54:08.107   819  1008 I ActivityManager: Displayed com.google.android.packageinstaller/com.android.packageinstaller.InstallAppProgress: +112ms
08-16 13:54:08.107   819   819 I KnoxTimeoutHandler: SD activityfalse
08-16 13:54:08.117 16871 16968 I Finsky  : [108088] com.google.android.finsky.verifier.impl.dg.a(80): Skipping verification. Disabled by user setting
08-16 13:54:08.117 16871 16968 I Finsky  : [108088] com.google.android.finsky.verifier.impl.dg.a(42): Skipping anti malware verification due to pre-check failure
08-16 13:54:08.117 16871 16968 I Finsky  : [108088] com.google.android.finsky.verifier.impl.VerifyPerSourceInstallationConsentInstallTask.a(18): PSIC verification started with installer uid: 10014 package name: com.google.android.packageinstaller, originating uid: 10010
08-16 13:54:08.117   819  1703 V WindowStateAnimator: Finishing drawing window Window{d033947 u0 d0 com.google.android.packageinstaller/com.android.packageinstaller.InstallAppProgress}: mDrawState=HAS_DRAWN
08-16 13:54:08.127 16871 16968 W Settings: Setting install_non_market_apps has moved from android.provider.Settings.Global to android.provider.Settings.Secure, returning read-only value.
08-16 13:54:08.127 16871 16968 I Finsky  : [108088] com.google.android.finsky.verifier.impl.VerifyPerSourceInstallationConsentInstallTask.a(67): Skipping validation for user's trust on the source. The source is a system package.
08-16 13:54:08.127   297   297 D libEGL  : eglInitialize EGLDisplay = 0xbea3c364
08-16 13:54:08.127 16871 16871 I Finsky  : [1] com.google.android.finsky.verifier.impl.ex.c(160): Verifying id=56, result=1
08-16 13:54:08.127   819  1778 D PackageManager: [VERIFY] verifyPendingInstall(56, VERIFICATION_ALLOW), uid=10024
08-16 13:54:08.127   819  1077 D PackageManager: [MSG] PACKAGE_VERIFIED: observer{78585530}
08-16 13:54:08.127   819  1077 D PackageManager: [VERIFY] PACKAGE_VERIFIED: 
08-16 13:54:08.127   819  1077 D PackageManager: PackageVerificationState{
08-16 13:54:08.127   819  1077 D PackageManager:     verifier packages=com.android.vending(10024),com.samsung.android.sm.devicesecurity(5012),
08-16 13:54:08.127   819  1077 D PackageManager:     intent=Intent { act=android.intent.action.PACKAGE_NEEDS_VERIFICATION dat=file:///storage/B7CE-13F2/Download/com.companyname.Phoneword.apk typ=application/vnd.android.package-archive flg=0x10000001 cmp=com.android.vending/com.google.android.finsky.verifier.impl.PackageVerificationReceiver (has extras) }
08-16 13:54:08.127   819  1077 D PackageManager:     others=56, false, false, false, false, false
08-16 13:54:08.127   819  1077 D PackageManager: }
08-16 13:54:08.127   819  1077 D PackageManager: [VERIFY] sendOrderedBroadcastToPendingVerifier:
08-16 13:54:08.127   819  1077 D PackageManager: PackageVerificationState{
08-16 13:54:08.127   819  1077 D PackageManager:     verifier packages=com.samsung.android.sm.devicesecurity(5012),
08-16 13:54:08.127   819  1077 D PackageManager:     intent=Intent { act=android.intent.action.PACKAGE_NEEDS_VERIFICATION dat=file:///storage/B7CE-13F2/Download/com.companyname.Phoneword.apk typ=application/vnd.android.package-archive flg=0x10000001 cmp=com.android.vending/com.google.android.finsky.verifier.impl.PackageVerificationReceiver (has extras) }
08-16 13:54:08.127   819  1077 D PackageManager:     others=56, false, false, false, false, false
08-16 13:54:08.127   819  1077 D PackageManager: }
08-16 13:54:08.127 16871 16871 I Finsky  : [1] com.google.android.finsky.verifier.impl.ex.c(173): Verification complete: id=56, package_name=com.companyname.Phoneword
08-16 13:54:08.127   819  1077 D PackageVerificationState: [VERIFY] setVerifierResponse {verificationID=56, uid=10024, code=1
08-16 13:54:08.137   297   328 D libEGL  : eglTerminate EGLDisplay = 0xb667f64c
08-16 13:54:08.137 18391 18406 D OpenGLRenderer: endAllActiveAnimators on 0xb2bfc480 (RippleDrawable) with handle 0xadffee60
08-16 13:54:08.137 18391 18391 I Timeline: Timeline: Activity_idle id: android.os.BinderProxy@1e748bf time:1048579897
08-16 13:54:08.137   819   915 V BroadcastQueue: [foreground] Process cur broadcast BroadcastRecord{135bf0c u0 android.intent.action.PACKAGE_NEEDS_VERIFICATION qIdx=2}, state= (APP_RECEIVE) DELIVERED for app ProcessRecord{6f5b044 18432:com.samsung.android.sm.devicesecurity/5012}
08-16 13:54:08.147   297   297 D libEGL  : eglTerminate EGLDisplay = 0xbea3c3c4
08-16 13:54:08.147 18432 18432 I seatbelt: feature is disabled or not activated
08-16 13:54:08.147   819  1563 D PackageManager: [VERIFY] verifyPendingInstall(56, VERIFICATION_ALLOW), uid=5012
08-16 13:54:08.147   819  1077 D PackageManager: [MSG] PACKAGE_VERIFIED: observer{78585530}
08-16 13:54:08.147   819  1077 D PackageManager: [VERIFY] PACKAGE_VERIFIED: 
08-16 13:54:08.147   819  1077 D PackageManager: PackageVerificationState{
08-16 13:54:08.147   819  1077 D PackageManager:     verifier packages=com.samsung.android.sm.devicesecurity(5012),
08-16 13:54:08.147   819  1077 D PackageManager:     intent=Intent { act=android.intent.action.PACKAGE_NEEDS_VERIFICATION dat=file:///storage/B7CE-13F2/Download/com.companyname.Phoneword.apk typ=application/vnd.android.package-archive flg=0x10000001 cmp=com.samsung.android.sm.devicesecurity/.AppVerificationReceiver (has extras) }
08-16 13:54:08.147   819  1077 D PackageManager:     others=56, false, false, false, false, false
08-16 13:54:08.147   819  1077 D PackageManager: }
08-16 13:54:08.147   819  1077 D PackageManager: [VERIFY] packageVerificationCompletion: completed id=56
08-16 13:54:08.147   819  1077 D PackageManager: [VERIFY] broadcastPackageVerified(56, VERIFICATION_ALLOW, file:///storage/B7CE-13F2/Download/com.companyname.Phoneword.apk)
08-16 13:54:08.147   819   819 D PackageManager: [VERIFY] onReceive for RequiredVerifier id=56
08-16 13:54:08.147   819  1077 D PackageVerificationState: [VERIFY] setVerifierResponse {verificationID=56, uid=5012, code=1
08-16 13:54:08.147   819  1008 D WindowAnimator: Skip setting animation background if there is an exiting window only.
08-16 13:54:08.157 16846 18355 D DefContainer: Copying /storage/B7CE-13F2/Download/com.companyname.Phoneword.apk to base.apk
08-16 13:54:08.157   819  1008 D WindowAnimator: Skip setting animation background if there is an exiting window only.
08-16 13:54:08.177   819  1008 D WindowAnimator: Skip setting animation background if there is an exiting window only.
08-16 13:54:08.197   819  1008 D WindowAnimator: Skip setting animation background if there is an exiting window only.
08-16 13:54:08.207   819  1008 D WindowAnimator: Skip setting animation background if there is an exiting window only.
08-16 13:54:08.227   819  1008 D WindowAnimator: Skip setting animation background if there is an exiting window only.
08-16 13:54:08.247   819  1008 D WindowAnimator: Skip setting animation background if there is an exiting window only.
08-16 13:54:08.257   819  1008 D WindowAnimator: Skip setting animation background if there is an exiting window only.
08-16 13:54:08.277   819  1008 D WindowAnimator: Skip setting animation background if there is an exiting window only.
08-16 13:54:08.297   819  1008 D WindowAnimator: Skip setting animation background if there is an exiting window only.
08-16 13:54:08.307   819  1008 D WindowAnimator: Skip setting animation background if there is an exiting window only.
08-16 13:54:08.327   819  1008 D WindowAnimator: Skip setting animation background if there is an exiting window only.
08-16 13:54:08.347   819  1008 I Timeline: Timeline: Activity_windows_visible id: ActivityRecord{26af4f u0 com.google.android.packageinstaller/com.android.packageinstaller.InstallAppProgress t532} time:1048580104
08-16 13:54:08.347   297 11273 I SurfaceFlinger: id=4707 Removed QackageInst (2/8)
08-16 13:54:08.347   297   324 I SurfaceFlinger: id=4707 Removed QackageInst (-2/8)
08-16 13:54:08.347   819  1008 D CustomFrequencyManagerService: releaseDVFSLockLocked : Getting Lock type frm List : DVFS_MIN_LIMIT  frequency : 1958400  uid : 1000  pid : 819  tag : ACTIVITY_RESUME_BOOSTER@10
08-16 13:54:08.347   819  1008 D ActivityManager: mDVFSHelper.release()
08-16 13:54:08.347   819   915 D CustomFrequencyManagerService: acquireDVFSLockLocked : type : DVFS_MIN_LIMIT  frequency : 1958400  uid : 1000  pid : 819  pkgName : ACTIVITY_RESUME_BOOSTER@16
08-16 13:54:08.357   819  1008 D KnoxTimeoutHandler: notifyActivityDrawn [MsgParam] userId: 0 fullscreen is true showWhenlocked is false
08-16 13:54:08.357   819   819 D KnoxTimeoutHandler: activityDrawn [MsgParam] userId: 0 fullscreen is true showWhenlocked is false
08-16 13:54:08.357   819   819 I KnoxTimeoutHandler: SD activityfalse
08-16 13:54:08.367   297   297 D libEGL  : eglTerminate EGLDisplay = 0xbea3c38c
08-16 13:54:08.367   297   297 W SurfaceFlinger: couldn't log to binary event log: overflow.
08-16 13:54:08.367 18391 18391 D ViewRootImpl: #3 mView = null
08-16 13:54:08.377   297   297 D libEGL  : eglInitialize EGLDisplay = 0xbea3c364
08-16 13:54:08.647   819   819 D CustomFrequencyManagerService: releaseDVFSLockLocked : Getting Lock type frm List : DVFS_MIN_LIMIT  frequency : 1958400  uid : 1000  pid : 819  tag : ACTIVITY_RESUME_BOOSTER@16
